Archive member included to satisfy reference by file (symbol)

c:/program files (x86)/atmel/studio/7.0/toolchain/avr8/avr8-gnu-toolchain/bin/../lib/gcc/avr/5.4.0/avr4\libgcc.a(_udivmodhi4.o)
                              build\Anzeige\Anzeige.o (__udivmodhi4)
c:/program files (x86)/atmel/studio/7.0/toolchain/avr8/avr8-gnu-toolchain/bin/../lib/gcc/avr/5.4.0/avr4\libgcc.a(_exit.o)
                              c:/program files (x86)/atmel/studio/7.0/toolchain/avr8/avr8-gnu-toolchain/bin/../lib/gcc/avr/5.4.0/../../../../avr/lib/avr4/crtatmega8.o (exit)
c:/program files (x86)/atmel/studio/7.0/toolchain/avr8/avr8-gnu-toolchain/bin/../lib/gcc/avr/5.4.0/avr4\libgcc.a(_copy_data.o)
                              build\OS\FreeRtos\tasks.o (__do_copy_data)
c:/program files (x86)/atmel/studio/7.0/toolchain/avr8/avr8-gnu-toolchain/bin/../lib/gcc/avr/5.4.0/avr4\libgcc.a(_clear_bss.o)
                              build\OS\FreeRtos\tasks.o (__do_clear_bss)
c:/program files (x86)/atmel/studio/7.0/toolchain/avr8/avr8-gnu-toolchain/bin/../lib/gcc/avr/5.4.0/../../../../avr/lib/avr4\libc.a(memcpy.o)
                              build\OS\FreeRtos\stream_buffer.o (memcpy)
c:/program files (x86)/atmel/studio/7.0/toolchain/avr8/avr8-gnu-toolchain/bin/../lib/gcc/avr/5.4.0/../../../../avr/lib/avr4\libc.a(itoa_ncheck.o)
                              build\UART\uart_custom.o (__itoa_ncheck)
c:/program files (x86)/atmel/studio/7.0/toolchain/avr8/avr8-gnu-toolchain/bin/../lib/gcc/avr/5.4.0/../../../../avr/lib/avr4\libc.a(utoa_ncheck.o)
                              c:/program files (x86)/atmel/studio/7.0/toolchain/avr8/avr8-gnu-toolchain/bin/../lib/gcc/avr/5.4.0/../../../../avr/lib/avr4\libc.a(itoa_ncheck.o) (__utoa_common)
c:/program files (x86)/atmel/studio/7.0/toolchain/avr8/avr8-gnu-toolchain/bin/../lib/gcc/avr/5.4.0/../../../../avr/lib/avr4\libc.a(strrev.o)
                              c:/program files (x86)/atmel/studio/7.0/toolchain/avr8/avr8-gnu-toolchain/bin/../lib/gcc/avr/5.4.0/../../../../avr/lib/avr4\libc.a(utoa_ncheck.o) (strrev)

Allocating common symbols
Common symbol       size              file

Anzeige             0x11              build\Anzeige\Anzeige.o

Discarded input sections

 .data          0x00000000        0x0 c:/program files (x86)/atmel/studio/7.0/toolchain/avr8/avr8-gnu-toolchain/bin/../lib/gcc/avr/5.4.0/../../../../avr/lib/avr4/crtatmega8.o
 .bss           0x00000000        0x0 c:/program files (x86)/atmel/studio/7.0/toolchain/avr8/avr8-gnu-toolchain/bin/../lib/gcc/avr/5.4.0/../../../../avr/lib/avr4/crtatmega8.o
 .text          0x00000000        0x0 build\OS\FreeRtos\timers.o
 .data          0x00000000        0x0 build\OS\FreeRtos\timers.o
 .bss           0x00000000        0x0 build\OS\FreeRtos\timers.o
 .debug_info    0x00000000       0x64 build\OS\FreeRtos\timers.o
 .debug_abbrev  0x00000000       0x26 build\OS\FreeRtos\timers.o
 .debug_aranges
                0x00000000       0x18 build\OS\FreeRtos\timers.o
 .debug_line    0x00000000       0x1a build\OS\FreeRtos\timers.o
 .debug_str     0x00000000      0x149 build\OS\FreeRtos\timers.o
 .comment       0x00000000       0x31 build\OS\FreeRtos\timers.o
 .text          0x00000000        0x0 build\OS\FreeRtos\tasks.o
 .data          0x00000000        0x0 build\OS\FreeRtos\tasks.o
 .bss           0x00000000        0x0 build\OS\FreeRtos\tasks.o
 .text.vTaskEndScheduler
                0x00000000        0x8 build\OS\FreeRtos\tasks.o
 .text.xTaskGetTickCountFromISR
                0x00000000        0xa build\OS\FreeRtos\tasks.o
 .text.uxTaskGetNumberOfTasks
                0x00000000        0x6 build\OS\FreeRtos\tasks.o
 .text.pcTaskGetName
                0x00000000       0x10 build\OS\FreeRtos\tasks.o
 .text.vTaskDelay
                0x00000000       0x20 build\OS\FreeRtos\tasks.o
 .text.xTaskCatchUpTicks
                0x00000000       0x22 build\OS\FreeRtos\tasks.o
 .text.vTaskPlaceOnEventList
                0x00000000       0x1c build\OS\FreeRtos\tasks.o
 .text.vTaskPlaceOnUnorderedEventList
                0x00000000       0x2a build\OS\FreeRtos\tasks.o
 .text.xTaskRemoveFromEventList
                0x00000000       0x7a build\OS\FreeRtos\tasks.o
 .text.vTaskRemoveFromUnorderedEventList
                0x00000000       0x5e build\OS\FreeRtos\tasks.o
 .text.vTaskSetTimeOutState
                0x00000000       0x20 build\OS\FreeRtos\tasks.o
 .text.vTaskInternalSetTimeOutState
                0x00000000       0x16 build\OS\FreeRtos\tasks.o
 .text.xTaskCheckForTimeOut
                0x00000000       0x56 build\OS\FreeRtos\tasks.o
 .text.vTaskMissedYield
                0x00000000        0x8 build\OS\FreeRtos\tasks.o
 .text.uxTaskResetEventItemValue
                0x00000000       0x2e build\OS\FreeRtos\tasks.o
 .text.ulTaskGenericNotifyTake
                0x00000000       0xdc build\OS\FreeRtos\tasks.o
 .text.xTaskGenericNotifyWait
                0x00000000      0x13c build\OS\FreeRtos\tasks.o
 .text.xTaskGenericNotify
                0x00000000      0x12e build\OS\FreeRtos\tasks.o
 .text.xTaskGenericNotifyFromISR
                0x00000000      0x14c build\OS\FreeRtos\tasks.o
 .text.vTaskGenericNotifyGiveFromISR
                0x00000000       0xbc build\OS\FreeRtos\tasks.o
 .text.xTaskGenericNotifyStateClear
                0x00000000       0x2c build\OS\FreeRtos\tasks.o
 .text.ulTaskGenericNotifyValueClear
                0x00000000       0x68 build\OS\FreeRtos\tasks.o
 .text          0x00000000        0x0 build\OS\FreeRtos\stream_buffer.o
 .data          0x00000000        0x0 build\OS\FreeRtos\stream_buffer.o
 .bss           0x00000000        0x0 build\OS\FreeRtos\stream_buffer.o
 .text.prvBytesInBuffer
                0x00000000       0x26 build\OS\FreeRtos\stream_buffer.o
 .text.prvWriteBytesToBuffer
                0x00000000       0x8e build\OS\FreeRtos\stream_buffer.o
 .text.prvWriteMessageToBuffer
                0x00000000       0x78 build\OS\FreeRtos\stream_buffer.o
 .text.prvReadBytesFromBuffer
                0x00000000       0x9a build\OS\FreeRtos\stream_buffer.o
 .text.xStreamBufferGenericCreate
                0x00000000       0x6a build\OS\FreeRtos\stream_buffer.o
 .text.vStreamBufferDelete
                0x00000000       0x14 build\OS\FreeRtos\stream_buffer.o
 .text.xStreamBufferReset
                0x00000000       0x4a build\OS\FreeRtos\stream_buffer.o
 .text.xStreamBufferSetTriggerLevel
                0x00000000       0x22 build\OS\FreeRtos\stream_buffer.o
 .text.xStreamBufferSpacesAvailable
                0x00000000       0x24 build\OS\FreeRtos\stream_buffer.o
 .text.xStreamBufferBytesAvailable
                0x00000000        0x2 build\OS\FreeRtos\stream_buffer.o
 .text.xStreamBufferSend
                0x00000000      0x154 build\OS\FreeRtos\stream_buffer.o
 .text.xStreamBufferSendFromISR
                0x00000000       0x82 build\OS\FreeRtos\stream_buffer.o
 .text.xStreamBufferReceive
                0x00000000      0x136 build\OS\FreeRtos\stream_buffer.o
 .text.xStreamBufferNextMessageLengthBytes
                0x00000000       0x5c build\OS\FreeRtos\stream_buffer.o
 .text.xStreamBufferReceiveFromISR
                0x00000000       0xe8 build\OS\FreeRtos\stream_buffer.o
 .text.xStreamBufferIsEmpty
                0x00000000       0x16 build\OS\FreeRtos\stream_buffer.o
 .text.xStreamBufferIsFull
                0x00000000       0x2a build\OS\FreeRtos\stream_buffer.o
 .text.xStreamBufferSendCompletedFromISR
                0x00000000       0x4a build\OS\FreeRtos\stream_buffer.o
 .text.xStreamBufferReceiveCompletedFromISR
                0x00000000       0x4a build\OS\FreeRtos\stream_buffer.o
 .debug_info    0x00000000     0x13b5 build\OS\FreeRtos\stream_buffer.o
 .debug_abbrev  0x00000000      0x29a build\OS\FreeRtos\stream_buffer.o
 .debug_loc     0x00000000     0x1c97 build\OS\FreeRtos\stream_buffer.o
 .debug_aranges
                0x00000000       0xb0 build\OS\FreeRtos\stream_buffer.o
 .debug_ranges  0x00000000       0xa0 build\OS\FreeRtos\stream_buffer.o
 .debug_line    0x00000000      0x747 build\OS\FreeRtos\stream_buffer.o
 .debug_str     0x00000000      0x797 build\OS\FreeRtos\stream_buffer.o
 .comment       0x00000000       0x31 build\OS\FreeRtos\stream_buffer.o
 .debug_frame   0x00000000      0x3b4 build\OS\FreeRtos\stream_buffer.o
 .text          0x00000000        0x0 build\OS\FreeRtos\queue.o
 .data          0x00000000        0x0 build\OS\FreeRtos\queue.o
 .bss           0x00000000        0x0 build\OS\FreeRtos\queue.o
 .text.prvIsQueueEmpty
                0x00000000       0x16 build\OS\FreeRtos\queue.o
 .text.prvCopyDataToQueue
                0x00000000       0x8c build\OS\FreeRtos\queue.o
 .text.prvCopyDataFromQueue
                0x00000000       0x32 build\OS\FreeRtos\queue.o
 .text.prvUnlockQueue
                0x00000000       0x74 build\OS\FreeRtos\queue.o
 .text.xQueueGenericReset
                0x00000000       0x76 build\OS\FreeRtos\queue.o
 .text.xQueueGenericCreate
                0x00000000       0x42 build\OS\FreeRtos\queue.o
 .text.xQueueGenericSend
                0x00000000      0x110 build\OS\FreeRtos\queue.o
 .text.xQueueGenericSendFromISR
                0x00000000       0x5c build\OS\FreeRtos\queue.o
 .text.xQueueGiveFromISR
                0x00000000       0x44 build\OS\FreeRtos\queue.o
 .text.xQueueReceive
                0x00000000      0x104 build\OS\FreeRtos\queue.o
 .text.xQueueSemaphoreTake
                0x00000000       0xee build\OS\FreeRtos\queue.o
 .text.xQueuePeek
                0x00000000      0x104 build\OS\FreeRtos\queue.o
 .text.xQueueReceiveFromISR
                0x00000000       0x5a build\OS\FreeRtos\queue.o
 .text.xQueuePeekFromISR
                0x00000000       0x2c build\OS\FreeRtos\queue.o
 .text.uxQueueMessagesWaiting
                0x00000000       0x10 build\OS\FreeRtos\queue.o
 .text.uxQueueSpacesAvailable
                0x00000000       0x14 build\OS\FreeRtos\queue.o
 .text.uxQueueMessagesWaitingFromISR
                0x00000000        0x6 build\OS\FreeRtos\queue.o
 .text.vQueueDelete
                0x00000000        0x2 build\OS\FreeRtos\queue.o
 .text.xQueueIsQueueEmptyFromISR
                0x00000000        0xc build\OS\FreeRtos\queue.o
 .text.xQueueIsQueueFullFromISR
                0x00000000        0xe build\OS\FreeRtos\queue.o
 .debug_info    0x00000000     0x1462 build\OS\FreeRtos\queue.o
 .debug_abbrev  0x00000000      0x290 build\OS\FreeRtos\queue.o
 .debug_loc     0x00000000     0x166d build\OS\FreeRtos\queue.o
 .debug_aranges
                0x00000000       0xb8 build\OS\FreeRtos\queue.o
 .debug_ranges  0x00000000       0xa8 build\OS\FreeRtos\queue.o
 .debug_line    0x00000000      0x979 build\OS\FreeRtos\queue.o
 .debug_str     0x00000000      0x74b build\OS\FreeRtos\queue.o
 .comment       0x00000000       0x31 build\OS\FreeRtos\queue.o
 .debug_frame   0x00000000      0x2bc build\OS\FreeRtos\queue.o
 .text          0x00000000        0x0 build\OS\main.o
 .data          0x00000000        0x0 build\OS\main.o
 .bss           0x00000000        0x0 build\OS\main.o
 .text          0x00000000        0x0 build\OS\FreeRtos\list.o
 .data          0x00000000        0x0 build\OS\FreeRtos\list.o
 .bss           0x00000000        0x0 build\OS\FreeRtos\list.o
 .text          0x00000000        0x0 build\OS\FreeRtos\event_groups.o
 .data          0x00000000        0x0 build\OS\FreeRtos\event_groups.o
 .bss           0x00000000        0x0 build\OS\FreeRtos\event_groups.o
 .text.xEventGroupCreate
                0x00000000       0x22 build\OS\FreeRtos\event_groups.o
 .text.xEventGroupWaitBits
                0x00000000       0xe6 build\OS\FreeRtos\event_groups.o
 .text.xEventGroupClearBits
                0x00000000       0x1e build\OS\FreeRtos\event_groups.o
 .text.xEventGroupGetBitsFromISR
                0x00000000        0x8 build\OS\FreeRtos\event_groups.o
 .text.xEventGroupSetBits
                0x00000000       0xa4 build\OS\FreeRtos\event_groups.o
 .text.xEventGroupSync
                0x00000000       0xca build\OS\FreeRtos\event_groups.o
 .text.vEventGroupDelete
                0x00000000       0x24 build\OS\FreeRtos\event_groups.o
 .text.vEventGroupSetBitsCallback
                0x00000000        0x4 build\OS\FreeRtos\event_groups.o
 .text.vEventGroupClearBitsCallback
                0x00000000        0x4 build\OS\FreeRtos\event_groups.o
 .debug_info    0x00000000      0x8fa build\OS\FreeRtos\event_groups.o
 .debug_abbrev  0x00000000      0x228 build\OS\FreeRtos\event_groups.o
 .debug_loc     0x00000000      0xaca build\OS\FreeRtos\event_groups.o
 .debug_aranges
                0x00000000       0x60 build\OS\FreeRtos\event_groups.o
 .debug_ranges  0x00000000       0x70 build\OS\FreeRtos\event_groups.o
 .debug_line    0x00000000      0x3a5 build\OS\FreeRtos\event_groups.o
 .debug_str     0x00000000      0x55f build\OS\FreeRtos\event_groups.o
 .comment       0x00000000       0x31 build\OS\FreeRtos\event_groups.o
 .debug_frame   0x00000000      0x14c build\OS\FreeRtos\event_groups.o
 .text          0x00000000        0x0 build\OS\FreeRtos\croutine.o
 .data          0x00000000        0x0 build\OS\FreeRtos\croutine.o
 .bss           0x00000000        0x0 build\OS\FreeRtos\croutine.o
 .debug_info    0x00000000       0x64 build\OS\FreeRtos\croutine.o
 .debug_abbrev  0x00000000       0x26 build\OS\FreeRtos\croutine.o
 .debug_aranges
                0x00000000       0x18 build\OS\FreeRtos\croutine.o
 .debug_line    0x00000000       0x1a build\OS\FreeRtos\croutine.o
 .debug_str     0x00000000      0x14b build\OS\FreeRtos\croutine.o
 .comment       0x00000000       0x31 build\OS\FreeRtos\croutine.o
 .text          0x00000000        0x0 build\OS\FreeRtos\port\heap_1.o
 .data          0x00000000        0x0 build\OS\FreeRtos\port\heap_1.o
 .bss           0x00000000        0x0 build\OS\FreeRtos\port\heap_1.o
 .text.vPortInitialiseBlocks
                0x00000000        0xa build\OS\FreeRtos\port\heap_1.o
 .text.xPortGetFreeHeapSize
                0x00000000       0x12 build\OS\FreeRtos\port\heap_1.o
 .text          0x00000000        0x0 build\OS\FreeRtos\port\port.o
 .data          0x00000000        0x0 build\OS\FreeRtos\port\port.o
 .bss           0x00000000        0x0 build\OS\FreeRtos\port\port.o
 .text.vPortEndScheduler
                0x00000000        0x2 build\OS\FreeRtos\port\port.o
 .text          0x00000000        0x0 build\UART\uart.o
 .data          0x00000000        0x0 build\UART\uart.o
 .bss           0x00000000        0x0 build\UART\uart.o
 .text.uart0_getc
                0x00000000       0x40 build\UART\uart.o
 .text.uart0_peek
                0x00000000       0x3a build\UART\uart.o
 .text.uart0_puts_p
                0x00000000       0x1c build\UART\uart.o
 .text.uart0_available
                0x00000000       0x1a build\UART\uart.o
 .text.uart0_flush
                0x00000000        0xe build\UART\uart.o
 .text          0x00000000        0x0 build\Anzeige\Anzeige.o
 .data          0x00000000        0x0 build\Anzeige\Anzeige.o
 .bss           0x00000000        0x0 build\Anzeige\Anzeige.o
 .text.Anzeige_off
                0x00000000       0x14 build\Anzeige\Anzeige.o
 .text          0x00000000        0x0 build\Anzeige\AnzeigeConfig.o
 .data          0x00000000        0x0 build\Anzeige\AnzeigeConfig.o
 .bss           0x00000000        0x0 build\Anzeige\AnzeigeConfig.o
 .text          0x00000000        0x0 build\LightSystem\LightSystem.o
 .data          0x00000000        0x0 build\LightSystem\LightSystem.o
 .bss           0x00000000        0x0 build\LightSystem\LightSystem.o
 .text          0x00000000        0x0 build\LightSystem\LightSystemConfig.o
 .data          0x00000000        0x0 build\LightSystem\LightSystemConfig.o
 .bss           0x00000000        0x0 build\LightSystem\LightSystemConfig.o
 .debug_line    0x00000000        0x0 build\LightSystem\LightSystemConfig.o
 .debug_str     0x00000000       0xdf build\LightSystem\LightSystemConfig.o
 .comment       0x00000000       0x31 build\LightSystem\LightSystemConfig.o
 .text          0x00000000        0x0 build\commonIO\commonIO.o
 .data          0x00000000        0x0 build\commonIO\commonIO.o
 .bss           0x00000000        0x0 build\commonIO\commonIO.o
 .text.commonIO_readPin
                0x00000000       0x66 build\commonIO\commonIO.o
 .text.commonIO_togglePin
                0x00000000       0x5e build\commonIO\commonIO.o
 .text          0x00000000        0x0 build\UART\uart_custom.o
 .data          0x00000000        0x0 build\UART\uart_custom.o
 .bss           0x00000000        0x0 build\UART\uart_custom.o
 .text          0x00000000        0x0 c:/program files (x86)/atmel/studio/7.0/toolchain/avr8/avr8-gnu-toolchain/bin/../lib/gcc/avr/5.4.0/avr4\libgcc.a(_udivmodhi4.o)
 .data          0x00000000        0x0 c:/program files (x86)/atmel/studio/7.0/toolchain/avr8/avr8-gnu-toolchain/bin/../lib/gcc/avr/5.4.0/avr4\libgcc.a(_udivmodhi4.o)
 .bss           0x00000000        0x0 c:/program files (x86)/atmel/studio/7.0/toolchain/avr8/avr8-gnu-toolchain/bin/../lib/gcc/avr/5.4.0/avr4\libgcc.a(_udivmodhi4.o)
 .text.libgcc.mul
                0x00000000        0x0 c:/program files (x86)/atmel/studio/7.0/toolchain/avr8/avr8-gnu-toolchain/bin/../lib/gcc/avr/5.4.0/avr4\libgcc.a(_udivmodhi4.o)
 .text.libgcc   0x00000000        0x0 c:/program files (x86)/atmel/studio/7.0/toolchain/avr8/avr8-gnu-toolchain/bin/../lib/gcc/avr/5.4.0/avr4\libgcc.a(_udivmodhi4.o)
 .text.libgcc.prologue
                0x00000000        0x0 c:/program files (x86)/atmel/studio/7.0/toolchain/avr8/avr8-gnu-toolchain/bin/../lib/gcc/avr/5.4.0/avr4\libgcc.a(_udivmodhi4.o)
 .text.libgcc.builtins
                0x00000000        0x0 c:/program files (x86)/atmel/studio/7.0/toolchain/avr8/avr8-gnu-toolchain/bin/../lib/gcc/avr/5.4.0/avr4\libgcc.a(_udivmodhi4.o)
 .text.libgcc.fmul
                0x00000000        0x0 c:/program files (x86)/atmel/studio/7.0/toolchain/avr8/avr8-gnu-toolchain/bin/../lib/gcc/avr/5.4.0/avr4\libgcc.a(_udivmodhi4.o)
 .text.libgcc.fixed
                0x00000000        0x0 c:/program files (x86)/atmel/studio/7.0/toolchain/avr8/avr8-gnu-toolchain/bin/../lib/gcc/avr/5.4.0/avr4\libgcc.a(_udivmodhi4.o)
 .text          0x00000000        0x0 c:/program files (x86)/atmel/studio/7.0/toolchain/avr8/avr8-gnu-toolchain/bin/../lib/gcc/avr/5.4.0/avr4\libgcc.a(_exit.o)
 .data          0x00000000        0x0 c:/program files (x86)/atmel/studio/7.0/toolchain/avr8/avr8-gnu-toolchain/bin/../lib/gcc/avr/5.4.0/avr4\libgcc.a(_exit.o)
 .bss           0x00000000        0x0 c:/program files (x86)/atmel/studio/7.0/toolchain/avr8/avr8-gnu-toolchain/bin/../lib/gcc/avr/5.4.0/avr4\libgcc.a(_exit.o)
 .text.libgcc.mul
                0x00000000        0x0 c:/program files (x86)/atmel/studio/7.0/toolchain/avr8/avr8-gnu-toolchain/bin/../lib/gcc/avr/5.4.0/avr4\libgcc.a(_exit.o)
 .text.libgcc.div
                0x00000000        0x0 c:/program files (x86)/atmel/studio/7.0/toolchain/avr8/avr8-gnu-toolchain/bin/../lib/gcc/avr/5.4.0/avr4\libgcc.a(_exit.o)
 .text.libgcc   0x00000000        0x0 c:/program files (x86)/atmel/studio/7.0/toolchain/avr8/avr8-gnu-toolchain/bin/../lib/gcc/avr/5.4.0/avr4\libgcc.a(_exit.o)
 .text.libgcc.prologue
                0x00000000        0x0 c:/program files (x86)/atmel/studio/7.0/toolchain/avr8/avr8-gnu-toolchain/bin/../lib/gcc/avr/5.4.0/avr4\libgcc.a(_exit.o)
 .text.libgcc.builtins
                0x00000000        0x0 c:/program files (x86)/atmel/studio/7.0/toolchain/avr8/avr8-gnu-toolchain/bin/../lib/gcc/avr/5.4.0/avr4\libgcc.a(_exit.o)
 .text.libgcc.fmul
                0x00000000        0x0 c:/program files (x86)/atmel/studio/7.0/toolchain/avr8/avr8-gnu-toolchain/bin/../lib/gcc/avr/5.4.0/avr4\libgcc.a(_exit.o)
 .text.libgcc.fixed
                0x00000000        0x0 c:/program files (x86)/atmel/studio/7.0/toolchain/avr8/avr8-gnu-toolchain/bin/../lib/gcc/avr/5.4.0/avr4\libgcc.a(_exit.o)
 .text          0x00000000        0x0 c:/program files (x86)/atmel/studio/7.0/toolchain/avr8/avr8-gnu-toolchain/bin/../lib/gcc/avr/5.4.0/avr4\libgcc.a(_copy_data.o)
 .data          0x00000000        0x0 c:/program files (x86)/atmel/studio/7.0/toolchain/avr8/avr8-gnu-toolchain/bin/../lib/gcc/avr/5.4.0/avr4\libgcc.a(_copy_data.o)
 .bss           0x00000000        0x0 c:/program files (x86)/atmel/studio/7.0/toolchain/avr8/avr8-gnu-toolchain/bin/../lib/gcc/avr/5.4.0/avr4\libgcc.a(_copy_data.o)
 .text.libgcc.mul
                0x00000000        0x0 c:/program files (x86)/atmel/studio/7.0/toolchain/avr8/avr8-gnu-toolchain/bin/../lib/gcc/avr/5.4.0/avr4\libgcc.a(_copy_data.o)
 .text.libgcc.div
                0x00000000        0x0 c:/program files (x86)/atmel/studio/7.0/toolchain/avr8/avr8-gnu-toolchain/bin/../lib/gcc/avr/5.4.0/avr4\libgcc.a(_copy_data.o)
 .text.libgcc   0x00000000        0x0 c:/program files (x86)/atmel/studio/7.0/toolchain/avr8/avr8-gnu-toolchain/bin/../lib/gcc/avr/5.4.0/avr4\libgcc.a(_copy_data.o)
 .text.libgcc.prologue
                0x00000000        0x0 c:/program files (x86)/atmel/studio/7.0/toolchain/avr8/avr8-gnu-toolchain/bin/../lib/gcc/avr/5.4.0/avr4\libgcc.a(_copy_data.o)
 .text.libgcc.builtins
                0x00000000        0x0 c:/program files (x86)/atmel/studio/7.0/toolchain/avr8/avr8-gnu-toolchain/bin/../lib/gcc/avr/5.4.0/avr4\libgcc.a(_copy_data.o)
 .text.libgcc.fmul
                0x00000000        0x0 c:/program files (x86)/atmel/studio/7.0/toolchain/avr8/avr8-gnu-toolchain/bin/../lib/gcc/avr/5.4.0/avr4\libgcc.a(_copy_data.o)
 .text.libgcc.fixed
                0x00000000        0x0 c:/program files (x86)/atmel/studio/7.0/toolchain/avr8/avr8-gnu-toolchain/bin/../lib/gcc/avr/5.4.0/avr4\libgcc.a(_copy_data.o)
 .text          0x00000000        0x0 c:/program files (x86)/atmel/studio/7.0/toolchain/avr8/avr8-gnu-toolchain/bin/../lib/gcc/avr/5.4.0/avr4\libgcc.a(_clear_bss.o)
 .data          0x00000000        0x0 c:/program files (x86)/atmel/studio/7.0/toolchain/avr8/avr8-gnu-toolchain/bin/../lib/gcc/avr/5.4.0/avr4\libgcc.a(_clear_bss.o)
 .bss           0x00000000        0x0 c:/program files (x86)/atmel/studio/7.0/toolchain/avr8/avr8-gnu-toolchain/bin/../lib/gcc/avr/5.4.0/avr4\libgcc.a(_clear_bss.o)
 .text.libgcc.mul
                0x00000000        0x0 c:/program files (x86)/atmel/studio/7.0/toolchain/avr8/avr8-gnu-toolchain/bin/../lib/gcc/avr/5.4.0/avr4\libgcc.a(_clear_bss.o)
 .text.libgcc.div
                0x00000000        0x0 c:/program files (x86)/atmel/studio/7.0/toolchain/avr8/avr8-gnu-toolchain/bin/../lib/gcc/avr/5.4.0/avr4\libgcc.a(_clear_bss.o)
 .text.libgcc   0x00000000        0x0 c:/program files (x86)/atmel/studio/7.0/toolchain/avr8/avr8-gnu-toolchain/bin/../lib/gcc/avr/5.4.0/avr4\libgcc.a(_clear_bss.o)
 .text.libgcc.prologue
                0x00000000        0x0 c:/program files (x86)/atmel/studio/7.0/toolchain/avr8/avr8-gnu-toolchain/bin/../lib/gcc/avr/5.4.0/avr4\libgcc.a(_clear_bss.o)
 .text.libgcc.builtins
                0x00000000        0x0 c:/program files (x86)/atmel/studio/7.0/toolchain/avr8/avr8-gnu-toolchain/bin/../lib/gcc/avr/5.4.0/avr4\libgcc.a(_clear_bss.o)
 .text.libgcc.fmul
                0x00000000        0x0 c:/program files (x86)/atmel/studio/7.0/toolchain/avr8/avr8-gnu-toolchain/bin/../lib/gcc/avr/5.4.0/avr4\libgcc.a(_clear_bss.o)
 .text.libgcc.fixed
                0x00000000        0x0 c:/program files (x86)/atmel/studio/7.0/toolchain/avr8/avr8-gnu-toolchain/bin/../lib/gcc/avr/5.4.0/avr4\libgcc.a(_clear_bss.o)
 .text          0x00000000        0x0 c:/program files (x86)/atmel/studio/7.0/toolchain/avr8/avr8-gnu-toolchain/bin/../lib/gcc/avr/5.4.0/../../../../avr/lib/avr4\libc.a(memcpy.o)
 .data          0x00000000        0x0 c:/program files (x86)/atmel/studio/7.0/toolchain/avr8/avr8-gnu-toolchain/bin/../lib/gcc/avr/5.4.0/../../../../avr/lib/avr4\libc.a(memcpy.o)
 .bss           0x00000000        0x0 c:/program files (x86)/atmel/studio/7.0/toolchain/avr8/avr8-gnu-toolchain/bin/../lib/gcc/avr/5.4.0/../../../../avr/lib/avr4\libc.a(memcpy.o)
 .text.avr-libc
                0x00000000       0x12 c:/program files (x86)/atmel/studio/7.0/toolchain/avr8/avr8-gnu-toolchain/bin/../lib/gcc/avr/5.4.0/../../../../avr/lib/avr4\libc.a(memcpy.o)
 .text          0x00000000        0x0 c:/program files (x86)/atmel/studio/7.0/toolchain/avr8/avr8-gnu-toolchain/bin/../lib/gcc/avr/5.4.0/../../../../avr/lib/avr4\libc.a(itoa_ncheck.o)
 .data          0x00000000        0x0 c:/program files (x86)/atmel/studio/7.0/toolchain/avr8/avr8-gnu-toolchain/bin/../lib/gcc/avr/5.4.0/../../../../avr/lib/avr4\libc.a(itoa_ncheck.o)
 .bss           0x00000000        0x0 c:/program files (x86)/atmel/studio/7.0/toolchain/avr8/avr8-gnu-toolchain/bin/../lib/gcc/avr/5.4.0/../../../../avr/lib/avr4\libc.a(itoa_ncheck.o)
 .text          0x00000000        0x0 c:/program files (x86)/atmel/studio/7.0/toolchain/avr8/avr8-gnu-toolchain/bin/../lib/gcc/avr/5.4.0/../../../../avr/lib/avr4\libc.a(utoa_ncheck.o)
 .data          0x00000000        0x0 c:/program files (x86)/atmel/studio/7.0/toolchain/avr8/avr8-gnu-toolchain/bin/../lib/gcc/avr/5.4.0/../../../../avr/lib/avr4\libc.a(utoa_ncheck.o)
 .bss           0x00000000        0x0 c:/program files (x86)/atmel/studio/7.0/toolchain/avr8/avr8-gnu-toolchain/bin/../lib/gcc/avr/5.4.0/../../../../avr/lib/avr4\libc.a(utoa_ncheck.o)
 .text          0x00000000        0x0 c:/program files (x86)/atmel/studio/7.0/toolchain/avr8/avr8-gnu-toolchain/bin/../lib/gcc/avr/5.4.0/../../../../avr/lib/avr4\libc.a(strrev.o)
 .data          0x00000000        0x0 c:/program files (x86)/atmel/studio/7.0/toolchain/avr8/avr8-gnu-toolchain/bin/../lib/gcc/avr/5.4.0/../../../../avr/lib/avr4\libc.a(strrev.o)
 .bss           0x00000000        0x0 c:/program files (x86)/atmel/studio/7.0/toolchain/avr8/avr8-gnu-toolchain/bin/../lib/gcc/avr/5.4.0/../../../../avr/lib/avr4\libc.a(strrev.o)

Memory Configuration

Name             Origin             Length             Attributes
text             0x00000000         0x00002000         xr
data             0x00800060         0x00000400         rw !x
eeprom           0x00810000         0x00000200         rw !x
fuse             0x00820000         0x00000002         rw !x
lock             0x00830000         0x00000400         rw !x
signature        0x00840000         0x00000400         rw !x
user_signatures  0x00850000         0x00000400         rw !x
*default*        0x00000000         0xffffffff

Linker script and memory map

LOAD c:/program files (x86)/atmel/studio/7.0/toolchain/avr8/avr8-gnu-toolchain/bin/../lib/gcc/avr/5.4.0/../../../../avr/lib/avr4/crtatmega8.o
START GROUP
LOAD c:/program files (x86)/atmel/studio/7.0/toolchain/avr8/avr8-gnu-toolchain/bin/../lib/gcc/avr/5.4.0/../../../../avr/lib/avr4\libm.a
END GROUP
LOAD build\OS\FreeRtos\timers.o
LOAD build\OS\FreeRtos\tasks.o
LOAD build\OS\FreeRtos\stream_buffer.o
LOAD build\OS\FreeRtos\queue.o
LOAD build\OS\main.o
LOAD build\OS\FreeRtos\list.o
LOAD build\OS\FreeRtos\event_groups.o
LOAD build\OS\FreeRtos\croutine.o
LOAD build\OS\FreeRtos\port\heap_1.o
LOAD build\OS\FreeRtos\port\port.o
LOAD build\UART\uart.o
LOAD build\Anzeige\Anzeige.o
LOAD build\Anzeige\AnzeigeConfig.o
LOAD build\LightSystem\LightSystem.o
LOAD build\LightSystem\LightSystemConfig.o
LOAD build\commonIO\commonIO.o
LOAD build\UART\uart_custom.o
START GROUP
LOAD c:/program files (x86)/atmel/studio/7.0/toolchain/avr8/avr8-gnu-toolchain/bin/../lib/gcc/avr/5.4.0/avr4\libgcc.a
LOAD c:/program files (x86)/atmel/studio/7.0/toolchain/avr8/avr8-gnu-toolchain/bin/../lib/gcc/avr/5.4.0/../../../../avr/lib/avr4\libm.a
LOAD c:/program files (x86)/atmel/studio/7.0/toolchain/avr8/avr8-gnu-toolchain/bin/../lib/gcc/avr/5.4.0/../../../../avr/lib/avr4\libc.a
LOAD c:/program files (x86)/atmel/studio/7.0/toolchain/avr8/avr8-gnu-toolchain/bin/../lib/gcc/avr/5.4.0/../../../../avr/lib/avr4\libatmega8.a
END GROUP
                0x00000000                __TEXT_REGION_ORIGIN__ = DEFINED (__TEXT_REGION_ORIGIN__)?__TEXT_REGION_ORIGIN__:0x0
                [0x00800060]                __DATA_REGION_ORIGIN__ = DEFINED (__DATA_REGION_ORIGIN__)?__DATA_REGION_ORIGIN__:0x800060
                [0x00002000]                __TEXT_REGION_LENGTH__ = DEFINED (__TEXT_REGION_LENGTH__)?__TEXT_REGION_LENGTH__:0x2000
                [0x00000400]                __DATA_REGION_LENGTH__ = DEFINED (__DATA_REGION_LENGTH__)?__DATA_REGION_LENGTH__:0xffa0
                [0x00000200]                __EEPROM_REGION_LENGTH__ = DEFINED (__EEPROM_REGION_LENGTH__)?__EEPROM_REGION_LENGTH__:0x10000
                [0x00000002]                __FUSE_REGION_LENGTH__ = DEFINED (__FUSE_REGION_LENGTH__)?__FUSE_REGION_LENGTH__:0x400
                0x00000400                __LOCK_REGION_LENGTH__ = DEFINED (__LOCK_REGION_LENGTH__)?__LOCK_REGION_LENGTH__:0x400
                0x00000400                __SIGNATURE_REGION_LENGTH__ = DEFINED (__SIGNATURE_REGION_LENGTH__)?__SIGNATURE_REGION_LENGTH__:0x400
                0x00000400                __USER_SIGNATURE_REGION_LENGTH__ = DEFINED (__USER_SIGNATURE_REGION_LENGTH__)?__USER_SIGNATURE_REGION_LENGTH__:0x400

.hash
 *(.hash)

.dynsym
 *(.dynsym)

.dynstr
 *(.dynstr)

.gnu.version
 *(.gnu.version)

.gnu.version_d
 *(.gnu.version_d)

.gnu.version_r
 *(.gnu.version_r)

.rel.init
 *(.rel.init)

.rela.init
 *(.rela.init)

.rel.text
 *(.rel.text)
 *(.rel.text.*)
 *(.rel.gnu.linkonce.t*)

.rela.text
 *(.rela.text)
 *(.rela.text.*)
 *(.rela.gnu.linkonce.t*)

.rel.fini
 *(.rel.fini)

.rela.fini
 *(.rela.fini)

.rel.rodata
 *(.rel.rodata)
 *(.rel.rodata.*)
 *(.rel.gnu.linkonce.r*)

.rela.rodata
 *(.rela.rodata)
 *(.rela.rodata.*)
 *(.rela.gnu.linkonce.r*)

.rel.data
 *(.rel.data)
 *(.rel.data.*)
 *(.rel.gnu.linkonce.d*)

.rela.data
 *(.rela.data)
 *(.rela.data.*)
 *(.rela.gnu.linkonce.d*)

.rel.ctors
 *(.rel.ctors)

.rela.ctors
 *(.rela.ctors)

.rel.dtors
 *(.rel.dtors)

.rela.dtors
 *(.rela.dtors)

.rel.got
 *(.rel.got)

.rela.got
 *(.rela.got)

.rel.bss
 *(.rel.bss)

.rela.bss
 *(.rela.bss)

.rel.plt
 *(.rel.plt)

.rela.plt
 *(.rela.plt)

.text           0x00000000     0x109a
 *(.vectors)
 .vectors       0x00000000       0x26 c:/program files (x86)/atmel/studio/7.0/toolchain/avr8/avr8-gnu-toolchain/bin/../lib/gcc/avr/5.4.0/../../../../avr/lib/avr4/crtatmega8.o
                0x00000000                __vector_default
                0x00000000                __vectors
 *(.vectors)
 *(.progmem.gcc*)
                0x00000026                . = ALIGN (0x2)
                0x00000026                __trampolines_start = .
 *(.trampolines)
 .trampolines   0x00000026        0x0 linker stubs
 *(.trampolines*)
                0x00000026                __trampolines_end = .
 *libprintf_flt.a:*(.progmem.data)
 *libc.a:*(.progmem.data)
 *(.progmem*)
                0x00000026                . = ALIGN (0x2)
 *(.jumptables)
 *(.jumptables*)
 *(.lowtext)
 *(.lowtext*)
                0x00000026                __ctors_start = .
 *(.ctors)
                0x00000026                __ctors_end = .
                0x00000026                __dtors_start = .
 *(.dtors)
                0x00000026                __dtors_end = .
 SORT(*)(.ctors)
 SORT(*)(.dtors)
 *(.init0)
 .init0         0x00000026        0x0 c:/program files (x86)/atmel/studio/7.0/toolchain/avr8/avr8-gnu-toolchain/bin/../lib/gcc/avr/5.4.0/../../../../avr/lib/avr4/crtatmega8.o
                0x00000026                __init
 *(.init0)
 *(.init1)
 *(.init1)
 *(.init2)
 .init2         0x00000026        0xc c:/program files (x86)/atmel/studio/7.0/toolchain/avr8/avr8-gnu-toolchain/bin/../lib/gcc/avr/5.4.0/../../../../avr/lib/avr4/crtatmega8.o
 *(.init2)
 *(.init3)
 *(.init3)
 *(.init4)
 .init4         0x00000032       0x16 c:/program files (x86)/atmel/studio/7.0/toolchain/avr8/avr8-gnu-toolchain/bin/../lib/gcc/avr/5.4.0/avr4\libgcc.a(_copy_data.o)
                0x00000032                __do_copy_data
 .init4         0x00000048       0x10 c:/program files (x86)/atmel/studio/7.0/toolchain/avr8/avr8-gnu-toolchain/bin/../lib/gcc/avr/5.4.0/avr4\libgcc.a(_clear_bss.o)
                0x00000048                __do_clear_bss
 *(.init4)
 *(.init5)
 *(.init5)
 *(.init6)
 *(.init6)
 *(.init7)
 *(.init7)
 *(.init8)
 *(.init8)
 *(.init9)
 .init9         0x00000058        0x4 c:/program files (x86)/atmel/studio/7.0/toolchain/avr8/avr8-gnu-toolchain/bin/../lib/gcc/avr/5.4.0/../../../../avr/lib/avr4/crtatmega8.o
 *(.init9)
 *(.text)
 .text          0x0000005c        0x2 c:/program files (x86)/atmel/studio/7.0/toolchain/avr8/avr8-gnu-toolchain/bin/../lib/gcc/avr/5.4.0/../../../../avr/lib/avr4/crtatmega8.o
                0x0000005c                __vector_1
                0x0000005c                __bad_interrupt
                0x0000005c                __vector_3
                0x0000005c                __vector_13
                0x0000005c                __vector_17
                0x0000005c                __vector_7
                0x0000005c                __vector_5
                0x0000005c                __vector_4
                0x0000005c                __vector_9
                0x0000005c                __vector_2
                0x0000005c                __vector_15
                0x0000005c                __vector_8
                0x0000005c                __vector_14
                0x0000005c                __vector_10
                0x0000005c                __vector_16
                0x0000005c                __vector_18
                0x0000005e                . = ALIGN (0x2)
 *(.text.*)
 .text.prvIdleTask
                0x0000005e        0xc build\OS\FreeRtos\tasks.o
 .text.prvResetNextTaskUnblockTime
                0x0000006a       0x30 build\OS\FreeRtos\tasks.o
 .text.prvAddCurrentTaskToDelayedList.isra.2
                0x0000009a       0x80 build\OS\FreeRtos\tasks.o
 .text.xTaskCreate
                0x0000011a      0x1d0 build\OS\FreeRtos\tasks.o
                0x0000011a                xTaskCreate
 .text.vTaskStartScheduler
                0x000002ea       0x4e build\OS\FreeRtos\tasks.o
                0x000002ea                vTaskStartScheduler
 .text.vTaskSuspendAll
                0x00000338        0xc build\OS\FreeRtos\tasks.o
                0x00000338                vTaskSuspendAll
 .text.xTaskGetTickCount
                0x00000344       0x14 build\OS\FreeRtos\tasks.o
                0x00000344                xTaskGetTickCount
 .text.xTaskIncrementTick
                0x00000358      0x15a build\OS\FreeRtos\tasks.o
                0x00000358                xTaskIncrementTick
 .text.xTaskResumeAll
                0x000004b2       0xda build\OS\FreeRtos\tasks.o
                0x000004b2                xTaskResumeAll
 .text.xTaskDelayUntil
                0x0000058c       0x66 build\OS\FreeRtos\tasks.o
                0x0000058c                xTaskDelayUntil
 .text.vTaskSwitchContext
                0x000005f2       0x86 build\OS\FreeRtos\tasks.o
                0x000005f2                vTaskSwitchContext
 .text.startup.main
                0x00000678       0x2c build\OS\main.o
                0x00000678                main
 .text.vListInitialise
                0x000006a4       0x1c build\OS\FreeRtos\list.o
                0x000006a4                vListInitialise
 .text.vListInitialiseItem
                0x000006c0        0x8 build\OS\FreeRtos\list.o
                0x000006c0                vListInitialiseItem
 .text.vListInsertEnd
                0x000006c8       0x42 build\OS\FreeRtos\list.o
                0x000006c8                vListInsertEnd
 .text.vListInsert
                0x0000070a       0x70 build\OS\FreeRtos\list.o
                0x0000070a                vListInsert
 .text.uxListRemove
                0x0000077a       0x48 build\OS\FreeRtos\list.o
                0x0000077a                uxListRemove
 .text.pvPortMalloc
                0x000007c2       0x64 build\OS\FreeRtos\port\heap_1.o
                0x000007c2                pvPortMalloc
 .text.vPortFree
                0x00000826        0x2 build\OS\FreeRtos\port\heap_1.o
                0x00000826                vPortFree
 .text.pxPortInitialiseStack
                0x00000828       0xd8 build\OS\FreeRtos\port\port.o
                0x00000828                pxPortInitialiseStack
 .text.xPortStartScheduler
                0x00000900       0x6a build\OS\FreeRtos\port\port.o
                0x00000900                xPortStartScheduler
 .text.vPortYield
                0x0000096a       0xb0 build\OS\FreeRtos\port\port.o
                0x0000096a                vPortYield
 .text.vPortYieldFromTick
                0x00000a1a       0xb4 build\OS\FreeRtos\port\port.o
                0x00000a1a                vPortYieldFromTick
 .text.__vector_6
                0x00000ace        0x4 build\OS\FreeRtos\port\port.o
                0x00000ace                __vector_6
 .text.__vector_11
                0x00000ad2       0x66 build\UART\uart.o
                0x00000ad2                __vector_11
 .text.__vector_12
                0x00000b38       0x4e build\UART\uart.o
                0x00000b38                __vector_12
 .text.uart0_init
                0x00000b86       0x2c build\UART\uart.o
                0x00000b86                uart0_init
 .text.uart0_putc
                0x00000bb2       0x2a build\UART\uart.o
                0x00000bb2                uart0_putc
 .text.uart0_puts
                0x00000bdc       0x16 build\UART\uart.o
                0x00000bdc                uart0_puts
 .text.Anzeige_switchPos
                0x00000bf2       0x9e build\Anzeige\Anzeige.o
                0x00000bf2                Anzeige_switchPos
 .text.Anzeige_init
                0x00000c90       0x36 build\Anzeige\Anzeige.o
                0x00000c90                Anzeige_init
 .text.Anzeige_setNumDisplay
                0x00000cc6       0x40 build\Anzeige\Anzeige.o
                0x00000cc6                Anzeige_setNumDisplay
 .text.Anzeige_setNum
                0x00000d06       0x80 build\Anzeige\Anzeige.o
                0x00000d06                Anzeige_setNum
 .text.Anzeige_mult
                0x00000d86       0x18 build\LightSystem\LightSystem.o
                0x00000d86                Anzeige_mult
 .text.Anzeige_cyclic
                0x00000d9e       0x56 build\LightSystem\LightSystem.o
                0x00000d9e                Anzeige_cyclic
 .text.commonIO_getPortHandlePrivate
                0x00000df4       0x34 build\commonIO\commonIO.o
 .text.commonIO_setPin
                0x00000e28       0x5e build\commonIO\commonIO.o
                0x00000e28                commonIO_setPin
 .text.commonIO_clearPin
                0x00000e86       0x60 build\commonIO\commonIO.o
                0x00000e86                commonIO_clearPin
 .text.commonIO_setPinLevel
                0x00000ee6       0x20 build\commonIO\commonIO.o
                0x00000ee6                commonIO_setPinLevel
 .text.commonIO_setDir
                0x00000f06       0x58 build\commonIO\commonIO.o
                0x00000f06                commonIO_setDir
 .text.commonIO_init
                0x00000f5e       0x70 build\commonIO\commonIO.o
                0x00000f5e                commonIO_init
 .text.uart0_putNum
                0x00000fce       0x36 build\UART\uart_custom.o
                0x00000fce                uart0_putNum
 .text.uart0_putLF
                0x00001004        0x4 build\UART\uart_custom.o
                0x00001004                uart0_putLF
 .text.libgcc.div
                0x00001008       0x28 c:/program files (x86)/atmel/studio/7.0/toolchain/avr8/avr8-gnu-toolchain/bin/../lib/gcc/avr/5.4.0/avr4\libgcc.a(_udivmodhi4.o)
                0x00001008                __udivmodhi4
 .text.avr-libc
                0x00001030       0x14 c:/program files (x86)/atmel/studio/7.0/toolchain/avr8/avr8-gnu-toolchain/bin/../lib/gcc/avr/5.4.0/../../../../avr/lib/avr4\libc.a(itoa_ncheck.o)
                0x00001030                __itoa_ncheck
 .text.avr-libc
                0x00001044       0x32 c:/program files (x86)/atmel/studio/7.0/toolchain/avr8/avr8-gnu-toolchain/bin/../lib/gcc/avr/5.4.0/../../../../avr/lib/avr4\libc.a(utoa_ncheck.o)
                0x00001044                __utoa_ncheck
                0x00001046                __utoa_common
 .text.avr-libc
                0x00001076       0x20 c:/program files (x86)/atmel/studio/7.0/toolchain/avr8/avr8-gnu-toolchain/bin/../lib/gcc/avr/5.4.0/../../../../avr/lib/avr4\libc.a(strrev.o)
                0x00001076                strrev
                0x00001096                . = ALIGN (0x2)
 *(.fini9)
 .fini9         0x00001096        0x0 c:/program files (x86)/atmel/studio/7.0/toolchain/avr8/avr8-gnu-toolchain/bin/../lib/gcc/avr/5.4.0/avr4\libgcc.a(_exit.o)
                0x00001096                _exit
                0x00001096                exit
 *(.fini9)
 *(.fini8)
 *(.fini8)
 *(.fini7)
 *(.fini7)
 *(.fini6)
 *(.fini6)
 *(.fini5)
 *(.fini5)
 *(.fini4)
 *(.fini4)
 *(.fini3)
 *(.fini3)
 *(.fini2)
 *(.fini2)
 *(.fini1)
 *(.fini1)
 *(.fini0)
 .fini0         0x00001096        0x4 c:/program files (x86)/atmel/studio/7.0/toolchain/avr8/avr8-gnu-toolchain/bin/../lib/gcc/avr/5.4.0/avr4\libgcc.a(_exit.o)
 *(.fini0)
                0x0000109a                _etext = .

.data           0x00800060       0x90 load address 0x0000109a
                0x00800060                PROVIDE (__data_start, .)
 *(.data)
 *(.data*)
 .data.uxTopUsedPriority
                0x00800060        0x1 build\OS\FreeRtos\tasks.o
                0x00800060                uxTopUsedPriority
 *(.gnu.linkonce.d*)
 *(.rodata)
 *(.rodata*)
 .rodata.str1.1
                0x00800061        0x5 build\OS\FreeRtos\tasks.o
 .rodata.str1.1
                0x00800066        0x4 build\OS\main.o
 .rodata.str1.1
                0x0080006a       0x16 build\Anzeige\Anzeige.o
 .rodata.PinConfigSeg
                0x00800080        0x7 build\Anzeige\AnzeigeConfig.o
                0x00800080                PinConfigSeg
 .rodata.PinConfigMult
                0x00800087        0x4 build\Anzeige\AnzeigeConfig.o
                0x00800087                PinConfigMult
 .rodata.segDecode
                0x0080008b       0x11 build\Anzeige\AnzeigeConfig.o
                0x0080008b                segDecode
 .rodata.str1.1
                0x0080009c        0xc build\LightSystem\LightSystem.o
 .rodata.str1.1
                0x008000a8       0x18 build\commonIO\commonIO.o
 .rodata.PIN_DefaultConfig
                0x008000c0       0x30 build\commonIO\commonIO.o
                0x008000c0                PIN_DefaultConfig
 *(.gnu.linkonce.r*)
                0x008000f0                . = ALIGN (0x2)
                0x008000f0                _edata = .
                0x008000f0                PROVIDE (__data_end, .)

.bss            0x008000f0      0x269
                0x008000f0                PROVIDE (__bss_start, .)
 *(.bss)
 *(.bss*)
 .bss.uxSchedulerSuspended
                0x008000f0        0x1 build\OS\FreeRtos\tasks.o
 .bss.xIdleTaskHandle
                0x008000f1        0x2 build\OS\FreeRtos\tasks.o
 .bss.xNextTaskUnblockTime
                0x008000f3        0x2 build\OS\FreeRtos\tasks.o
 .bss.uxTaskNumber
                0x008000f5        0x1 build\OS\FreeRtos\tasks.o
 .bss.xNumOfOverflows
                0x008000f6        0x1 build\OS\FreeRtos\tasks.o
 .bss.xYieldPending
                0x008000f7        0x1 build\OS\FreeRtos\tasks.o
 .bss.xPendedTicks
                0x008000f8        0x2 build\OS\FreeRtos\tasks.o
 .bss.xSchedulerRunning
                0x008000fa        0x1 build\OS\FreeRtos\tasks.o
 .bss.uxTopReadyPriority
                0x008000fb        0x1 build\OS\FreeRtos\tasks.o
 .bss.xTickCount
                0x008000fc        0x2 build\OS\FreeRtos\tasks.o
 .bss.uxCurrentNumberOfTasks
                0x008000fe        0x1 build\OS\FreeRtos\tasks.o
 .bss.xPendingReadyList
                0x008000ff        0x9 build\OS\FreeRtos\tasks.o
 .bss.pxOverflowDelayedTaskList
                0x00800108        0x2 build\OS\FreeRtos\tasks.o
 .bss.pxDelayedTaskList
                0x0080010a        0x2 build\OS\FreeRtos\tasks.o
 .bss.xDelayedTaskList2
                0x0080010c        0x9 build\OS\FreeRtos\tasks.o
 .bss.xDelayedTaskList1
                0x00800115        0x9 build\OS\FreeRtos\tasks.o
 .bss.pxReadyTasksLists
                0x0080011e       0x1b build\OS\FreeRtos\tasks.o
 .bss.pxCurrentTCB
                0x00800139        0x2 build\OS\FreeRtos\tasks.o
                0x00800139                pxCurrentTCB
 .bss.pucAlignedHeap.2107
                0x0080013b        0x2 build\OS\FreeRtos\port\heap_1.o
 .bss.xNextFreeByte
                0x0080013d        0x2 build\OS\FreeRtos\port\heap_1.o
 .bss.ucHeap    0x0080013f      0x1c2 build\OS\FreeRtos\port\heap_1.o
 .bss.UART_LastRxError
                0x00800301        0x1 build\UART\uart.o
 .bss.UART_RxTail
                0x00800302        0x1 build\UART\uart.o
 .bss.UART_RxHead
                0x00800303        0x1 build\UART\uart.o
 .bss.UART_TxTail
                0x00800304        0x1 build\UART\uart.o
 .bss.UART_TxHead
                0x00800305        0x1 build\UART\uart.o
 .bss.UART_RxBuf
                0x00800306       0x20 build\UART\uart.o
 .bss.UART_TxBuf
                0x00800326       0x20 build\UART\uart.o
 .bss.xLastExecutionTime.2131
                0x00800346        0x2 build\LightSystem\LightSystem.o
 *(COMMON)
 COMMON         0x00800348       0x11 build\Anzeige\Anzeige.o
                0x00800348                Anzeige
                0x00800359                PROVIDE (__bss_end, .)
                0x0000109a                __data_load_start = LOADADDR (.data)
                0x0000112a                __data_load_end = (__data_load_start + SIZEOF (.data))

.noinit         0x00800359        0x0
                [!provide]                PROVIDE (__noinit_start, .)
 *(.noinit*)
                [!provide]                PROVIDE (__noinit_end, .)
                0x00800359                _end = .
                [!provide]                PROVIDE (__heap_start, .)

.eeprom         0x00810000        0x0
 *(.eeprom*)
                0x00810000                __eeprom_end = .

.fuse
 *(.fuse)
 *(.lfuse)
 *(.hfuse)
 *(.efuse)

.lock
 *(.lock*)

.signature
 *(.signature*)

.user_signatures
 *(.user_signatures*)

.stab
 *(.stab)

.stabstr
 *(.stabstr)

.stab.excl
 *(.stab.excl)

.stab.exclstr
 *(.stab.exclstr)

.stab.index
 *(.stab.index)

.stab.indexstr
 *(.stab.indexstr)

.comment        0x00000000       0x30
 *(.comment)
 .comment       0x00000000       0x30 build\OS\FreeRtos\tasks.o
                                 0x31 (size before relaxing)
 .comment       0x00000030       0x31 build\OS\main.o
 .comment       0x00000030       0x31 build\OS\FreeRtos\list.o
 .comment       0x00000030       0x31 build\OS\FreeRtos\port\heap_1.o
 .comment       0x00000030       0x31 build\OS\FreeRtos\port\port.o
 .comment       0x00000030       0x31 build\UART\uart.o
 .comment       0x00000030       0x31 build\Anzeige\Anzeige.o
 .comment       0x00000030       0x31 build\Anzeige\AnzeigeConfig.o
 .comment       0x00000030       0x31 build\LightSystem\LightSystem.o
 .comment       0x00000030       0x31 build\commonIO\commonIO.o
 .comment       0x00000030       0x31 build\UART\uart_custom.o

.note.gnu.avr.deviceinfo
                0x00000000       0x3c
 .note.gnu.avr.deviceinfo
                0x00000000       0x3c c:/program files (x86)/atmel/studio/7.0/toolchain/avr8/avr8-gnu-toolchain/bin/../lib/gcc/avr/5.4.0/../../../../avr/lib/avr4/crtatmega8.o

.note.gnu.build-id
 *(.note.gnu.build-id)

.debug
 *(.debug)

.line
 *(.line)

.debug_srcinfo
 *(.debug_srcinfo)

.debug_sfnames
 *(.debug_sfnames)

.debug_aranges  0x00000000      0x368
 *(.debug_aranges)
 .debug_aranges
                0x00000000      0x120 build\OS\FreeRtos\tasks.o
 .debug_aranges
                0x00000120       0x20 build\OS\main.o
 .debug_aranges
                0x00000140       0x40 build\OS\FreeRtos\list.o
 .debug_aranges
                0x00000180       0x38 build\OS\FreeRtos\port\heap_1.o
 .debug_aranges
                0x000001b8       0x48 build\OS\FreeRtos\port\port.o
 .debug_aranges
                0x00000200       0x68 build\UART\uart.o
 .debug_aranges
                0x00000268       0x40 build\Anzeige\Anzeige.o
 .debug_aranges
                0x000002a8       0x18 build\Anzeige\AnzeigeConfig.o
 .debug_aranges
                0x000002c0       0x28 build\LightSystem\LightSystem.o
 .debug_aranges
                0x000002e8       0x58 build\commonIO\commonIO.o
 .debug_aranges
                0x00000340       0x28 build\UART\uart_custom.o

.debug_pubnames
 *(.debug_pubnames)

.debug_info     0x00000000     0x3fcb
 *(.debug_info .gnu.linkonce.wi.*)
 .debug_info    0x00000000      0x48c c:/program files (x86)/atmel/studio/7.0/toolchain/avr8/avr8-gnu-toolchain/bin/../lib/gcc/avr/5.4.0/../../../../avr/lib/avr4/crtatmega8.o
 .debug_info    0x0000048c     0x17d9 build\OS\FreeRtos\tasks.o
 .debug_info    0x00001c65      0x102 build\OS\main.o
 .debug_info    0x00001d67      0x2d2 build\OS\FreeRtos\list.o
 .debug_info    0x00002039      0x1a4 build\OS\FreeRtos\port\heap_1.o
 .debug_info    0x000021dd      0x263 build\OS\FreeRtos\port\port.o
 .debug_info    0x00002440      0x5ab build\UART\uart.o
 .debug_info    0x000029eb      0x686 build\Anzeige\Anzeige.o
 .debug_info    0x00003071      0x1b2 build\Anzeige\AnzeigeConfig.o
 .debug_info    0x00003223      0x2e0 build\LightSystem\LightSystem.o
 .debug_info    0x00003503      0x8c8 build\commonIO\commonIO.o
 .debug_info    0x00003dcb      0x200 build\UART\uart_custom.o

.debug_abbrev   0x00000000     0x14f0
 *(.debug_abbrev)
 .debug_abbrev  0x00000000      0x44e c:/program files (x86)/atmel/studio/7.0/toolchain/avr8/avr8-gnu-toolchain/bin/../lib/gcc/avr/5.4.0/../../../../avr/lib/avr4/crtatmega8.o
 .debug_abbrev  0x0000044e      0x35c build\OS\FreeRtos\tasks.o
 .debug_abbrev  0x000007aa       0x8b build\OS\main.o
 .debug_abbrev  0x00000835       0xff build\OS\FreeRtos\list.o
 .debug_abbrev  0x00000934      0x11c build\OS\FreeRtos\port\heap_1.o
 .debug_abbrev  0x00000a50      0x155 build\OS\FreeRtos\port\port.o
 .debug_abbrev  0x00000ba5      0x19b build\UART\uart.o
 .debug_abbrev  0x00000d40      0x256 build\Anzeige\Anzeige.o
 .debug_abbrev  0x00000f96       0x75 build\Anzeige\AnzeigeConfig.o
 .debug_abbrev  0x0000100b      0x121 build\LightSystem\LightSystem.o
 .debug_abbrev  0x0000112c      0x25c build\commonIO\commonIO.o
 .debug_abbrev  0x00001388      0x168 build\UART\uart_custom.o

.debug_line     0x00000000     0x1d8c
 *(.debug_line .debug_line.* .debug_line_end)
 .debug_line    0x00000000       0x1a c:/program files (x86)/atmel/studio/7.0/toolchain/avr8/avr8-gnu-toolchain/bin/../lib/gcc/avr/5.4.0/../../../../avr/lib/avr4/crtatmega8.o
 .debug_line    0x0000001a      0xc46 build\OS\FreeRtos\tasks.o
 .debug_line    0x00000c60       0x93 build\OS\main.o
 .debug_line    0x00000cf3      0x1c4 build\OS\FreeRtos\list.o
 .debug_line    0x00000eb7      0x18b build\OS\FreeRtos\port\heap_1.o
 .debug_line    0x00001042      0x266 build\OS\FreeRtos\port\port.o
 .debug_line    0x000012a8      0x311 build\UART\uart.o
 .debug_line    0x000015b9      0x23e build\Anzeige\Anzeige.o
 .debug_line    0x000017f7       0x7f build\Anzeige\AnzeigeConfig.o
 .debug_line    0x00001876      0x17a build\LightSystem\LightSystem.o
 .debug_line    0x000019f0      0x2fc build\commonIO\commonIO.o
 .debug_line    0x00001cec       0xa0 build\UART\uart_custom.o

.debug_frame    0x00000000      0x934
 *(.debug_frame)
 .debug_frame   0x00000000      0x45c build\OS\FreeRtos\tasks.o
 .debug_frame   0x0000045c       0x34 build\OS\main.o
 .debug_frame   0x00000490       0x90 build\OS\FreeRtos\list.o
 .debug_frame   0x00000520       0x60 build\OS\FreeRtos\port\heap_1.o
 .debug_frame   0x00000580       0x74 build\OS\FreeRtos\port\port.o
 .debug_frame   0x000005f4      0x120 build\UART\uart.o
 .debug_frame   0x00000714       0xac build\Anzeige\Anzeige.o
 .debug_frame   0x000007c0       0x44 build\LightSystem\LightSystem.o
 .debug_frame   0x00000804       0xec build\commonIO\commonIO.o
 .debug_frame   0x000008f0       0x44 build\UART\uart_custom.o

.debug_str      0x00000000     0x1474
 *(.debug_str)
 .debug_str     0x00000000      0x17a c:/program files (x86)/atmel/studio/7.0/toolchain/avr8/avr8-gnu-toolchain/bin/../lib/gcc/avr/5.4.0/../../../../avr/lib/avr4/crtatmega8.o
 .debug_str     0x0000017a      0xb31 build\OS\FreeRtos\tasks.o
                                0xbaf (size before relaxing)
 .debug_str     0x00000cab       0x13 build\OS\main.o
                                0x16f (size before relaxing)
 .debug_str     0x00000cbe       0x5f build\OS\FreeRtos\list.o
                                0x28a (size before relaxing)
 .debug_str     0x00000d1d       0x82 build\OS\FreeRtos\port\heap_1.o
                                0x200 (size before relaxing)
 .debug_str     0x00000d9f       0x86 build\OS\FreeRtos\port\port.o
                                0x288 (size before relaxing)
 .debug_str     0x00000e25      0x14f build\UART\uart.o
                                0x290 (size before relaxing)
 .debug_str     0x00000f74      0x2bf build\Anzeige\Anzeige.o
                                0x428 (size before relaxing)
 .debug_str     0x00001233       0x1c build\Anzeige\AnzeigeConfig.o
                                0x25d (size before relaxing)
 .debug_str     0x0000124f       0x69 build\LightSystem\LightSystem.o
                                0x24b (size before relaxing)
 .debug_str     0x000012b8      0x182 build\commonIO\commonIO.o
                                0x404 (size before relaxing)
 .debug_str     0x0000143a       0x3a build\UART\uart_custom.o
                                0x1ac (size before relaxing)

.debug_loc      0x00000000     0x2fa7
 *(.debug_loc)
 .debug_loc     0x00000000     0x19fb build\OS\FreeRtos\tasks.o
 .debug_loc     0x000019fb       0x3c build\OS\main.o
 .debug_loc     0x00001a37      0x1d7 build\OS\FreeRtos\list.o
 .debug_loc     0x00001c0e       0xd3 build\OS\FreeRtos\port\heap_1.o
 .debug_loc     0x00001ce1      0x2a0 build\OS\FreeRtos\port\port.o
 .debug_loc     0x00001f81      0x4b4 build\UART\uart.o
 .debug_loc     0x00002435      0x478 build\Anzeige\Anzeige.o
 .debug_loc     0x000028ad       0x94 build\LightSystem\LightSystem.o
 .debug_loc     0x00002941      0x5aa build\commonIO\commonIO.o
 .debug_loc     0x00002eeb       0xbc build\UART\uart_custom.o

.debug_macinfo
 *(.debug_macinfo)

.debug_weaknames
 *(.debug_weaknames)

.debug_funcnames
 *(.debug_funcnames)

.debug_typenames
 *(.debug_typenames)

.debug_varnames
 *(.debug_varnames)

.debug_pubtypes
 *(.debug_pubtypes)

.debug_ranges   0x00000000      0x350
 *(.debug_ranges)
 .debug_ranges  0x00000000      0x180 build\OS\FreeRtos\tasks.o
 .debug_ranges  0x00000180       0x10 build\OS\main.o
 .debug_ranges  0x00000190       0x30 build\OS\FreeRtos\list.o
 .debug_ranges  0x000001c0       0x28 build\OS\FreeRtos\port\heap_1.o
 .debug_ranges  0x000001e8       0x38 build\OS\FreeRtos\port\port.o
 .debug_ranges  0x00000220       0x58 build\UART\uart.o
 .debug_ranges  0x00000278       0x60 build\Anzeige\Anzeige.o
 .debug_ranges  0x000002d8       0x18 build\LightSystem\LightSystem.o
 .debug_ranges  0x000002f0       0x48 build\commonIO\commonIO.o
 .debug_ranges  0x00000338       0x18 build\UART\uart_custom.o

.debug_macro
 *(.debug_macro)
OUTPUT(build\main.elf elf32-avr)
LOAD linker stubs
