Archive member included to satisfy reference by file (symbol)

c:/program files (x86)/atmel/studio/7.0/toolchain/avr8/avr8-gnu-toolchain/bin/../lib/gcc/avr/5.4.0/avr4\libgcc.a(_exit.o)
                              c:/program files (x86)/atmel/studio/7.0/toolchain/avr8/avr8-gnu-toolchain/bin/../lib/gcc/avr/5.4.0/../../../../avr/lib/avr4/crtatmega8.o (exit)
c:/program files (x86)/atmel/studio/7.0/toolchain/avr8/avr8-gnu-toolchain/bin/../lib/gcc/avr/5.4.0/avr4\libgcc.a(_copy_data.o)
                              build\commonIO\commonIO.o (__do_copy_data)

Allocating common symbols
Common symbol       size              file

tcb00               0x4               build\OS\femtoos_source\femtoos_shared.o
tcb07               0x4               build\OS\femtoos_source\femtoos_shared.o
tcb02               0x4               build\OS\femtoos_source\femtoos_shared.o
tcb06               0x4               build\OS\femtoos_source\femtoos_shared.o
uxTickCount         0x2               build\OS\femtoos_source\femtoos_shared.o
uiOsStatus          0x1               build\OS\femtoos_source\femtoos_shared.o
test                0x1               build\code_TestBare.o
tcb01               0x4               build\OS\femtoos_source\femtoos_shared.o
tcb05               0x4               build\OS\femtoos_source\femtoos_shared.o
uiOsTimeAverage     0x1               build\OS\femtoos_source\femtoos_shared.o
tcb03               0x4               build\OS\femtoos_source\femtoos_shared.o
tcb04               0x4               build\OS\femtoos_source\femtoos_shared.o

Discarded input sections

 .data          0x00000000        0x0 c:/program files (x86)/atmel/studio/7.0/toolchain/avr8/avr8-gnu-toolchain/bin/../lib/gcc/avr/5.4.0/../../../../avr/lib/avr4/crtatmega8.o
 .bss           0x00000000        0x0 c:/program files (x86)/atmel/studio/7.0/toolchain/avr8/avr8-gnu-toolchain/bin/../lib/gcc/avr/5.4.0/../../../../avr/lib/avr4/crtatmega8.o
 .text          0x00000000        0x0 build\OS\femtoos_source\femtoos_app.o
 .data          0x00000000        0x0 build\OS\femtoos_source\femtoos_app.o
 .bss           0x00000000        0x0 build\OS\femtoos_source\femtoos_app.o
 .text.appLoop_task0
                0x00000000        0x8 build\OS\femtoos_source\femtoos_app.o
 .debug_info    0x00000000       0xb2 build\OS\femtoos_source\femtoos_app.o
 .debug_abbrev  0x00000000       0x8a build\OS\femtoos_source\femtoos_app.o
 .debug_aranges
                0x00000000       0x20 build\OS\femtoos_source\femtoos_app.o
 .debug_ranges  0x00000000       0x10 build\OS\femtoos_source\femtoos_app.o
 .debug_line    0x00000000       0x57 build\OS\femtoos_source\femtoos_app.o
 .debug_str     0x00000000      0x15e build\OS\femtoos_source\femtoos_app.o
 .comment       0x00000000       0x31 build\OS\femtoos_source\femtoos_app.o
 .debug_frame   0x00000000       0x24 build\OS\femtoos_source\femtoos_app.o
 .text          0x00000000        0x0 build\OS\femtoos_source\femtoos_core.o
 .data          0x00000000        0x0 build\OS\femtoos_source\femtoos_core.o
 .bss           0x00000000        0x0 build\OS\femtoos_source\femtoos_core.o
 .text          0x00000000        0x0 build\OS\femtoos_source\femtoos_port.o
 .data          0x00000000        0x0 build\OS\femtoos_source\femtoos_port.o
 .bss           0x00000000        0x0 build\OS\femtoos_source\femtoos_port.o
 .text          0x00000000        0x0 build\OS\femtoos_source\femtoos_shared.o
 .data          0x00000000        0x0 build\OS\femtoos_source\femtoos_shared.o
 .bss           0x00000000        0x0 build\OS\femtoos_source\femtoos_shared.o
 .text          0x00000000        0x0 build\OS\femtoos_source\femtoos_startup.o
 .data          0x00000000        0x0 build\OS\femtoos_source\femtoos_startup.o
 .bss           0x00000000        0x0 build\OS\femtoos_source\femtoos_startup.o
 .text          0x00000000        0x0 build\commonIO\commonIO.o
 .data          0x00000000        0x0 build\commonIO\commonIO.o
 .bss           0x00000000        0x0 build\commonIO\commonIO.o
 .text.togglePin
                0x00000000        0xe build\commonIO\commonIO.o
 .text.UART_String_TX
                0x00000000       0x16 build\commonIO\commonIO.o
 .rodata.PIN_DefaultConfig
                0x00000000       0x78 build\commonIO\commonIO.o
 .text          0x00000000        0x0 build\code_TestBare.o
 .data          0x00000000        0x0 build\code_TestBare.o
 .bss           0x00000000        0x0 build\code_TestBare.o
 COMMON         0x00000000        0x1 build\code_TestBare.o
 .text          0x00000000        0x0 c:/program files (x86)/atmel/studio/7.0/toolchain/avr8/avr8-gnu-toolchain/bin/../lib/gcc/avr/5.4.0/avr4\libgcc.a(_exit.o)
 .data          0x00000000        0x0 c:/program files (x86)/atmel/studio/7.0/toolchain/avr8/avr8-gnu-toolchain/bin/../lib/gcc/avr/5.4.0/avr4\libgcc.a(_exit.o)
 .bss           0x00000000        0x0 c:/program files (x86)/atmel/studio/7.0/toolchain/avr8/avr8-gnu-toolchain/bin/../lib/gcc/avr/5.4.0/avr4\libgcc.a(_exit.o)
 .text.libgcc.mul
                0x00000000        0x0 c:/program files (x86)/atmel/studio/7.0/toolchain/avr8/avr8-gnu-toolchain/bin/../lib/gcc/avr/5.4.0/avr4\libgcc.a(_exit.o)
 .text.libgcc.div
                0x00000000        0x0 c:/program files (x86)/atmel/studio/7.0/toolchain/avr8/avr8-gnu-toolchain/bin/../lib/gcc/avr/5.4.0/avr4\libgcc.a(_exit.o)
 .text.libgcc   0x00000000        0x0 c:/program files (x86)/atmel/studio/7.0/toolchain/avr8/avr8-gnu-toolchain/bin/../lib/gcc/avr/5.4.0/avr4\libgcc.a(_exit.o)
 .text.libgcc.prologue
                0x00000000        0x0 c:/program files (x86)/atmel/studio/7.0/toolchain/avr8/avr8-gnu-toolchain/bin/../lib/gcc/avr/5.4.0/avr4\libgcc.a(_exit.o)
 .text.libgcc.builtins
                0x00000000        0x0 c:/program files (x86)/atmel/studio/7.0/toolchain/avr8/avr8-gnu-toolchain/bin/../lib/gcc/avr/5.4.0/avr4\libgcc.a(_exit.o)
 .text.libgcc.fmul
                0x00000000        0x0 c:/program files (x86)/atmel/studio/7.0/toolchain/avr8/avr8-gnu-toolchain/bin/../lib/gcc/avr/5.4.0/avr4\libgcc.a(_exit.o)
 .text.libgcc.fixed
                0x00000000        0x0 c:/program files (x86)/atmel/studio/7.0/toolchain/avr8/avr8-gnu-toolchain/bin/../lib/gcc/avr/5.4.0/avr4\libgcc.a(_exit.o)
 .text          0x00000000        0x0 c:/program files (x86)/atmel/studio/7.0/toolchain/avr8/avr8-gnu-toolchain/bin/../lib/gcc/avr/5.4.0/avr4\libgcc.a(_copy_data.o)
 .data          0x00000000        0x0 c:/program files (x86)/atmel/studio/7.0/toolchain/avr8/avr8-gnu-toolchain/bin/../lib/gcc/avr/5.4.0/avr4\libgcc.a(_copy_data.o)
 .bss           0x00000000        0x0 c:/program files (x86)/atmel/studio/7.0/toolchain/avr8/avr8-gnu-toolchain/bin/../lib/gcc/avr/5.4.0/avr4\libgcc.a(_copy_data.o)
 .text.libgcc.mul
                0x00000000        0x0 c:/program files (x86)/atmel/studio/7.0/toolchain/avr8/avr8-gnu-toolchain/bin/../lib/gcc/avr/5.4.0/avr4\libgcc.a(_copy_data.o)
 .text.libgcc.div
                0x00000000        0x0 c:/program files (x86)/atmel/studio/7.0/toolchain/avr8/avr8-gnu-toolchain/bin/../lib/gcc/avr/5.4.0/avr4\libgcc.a(_copy_data.o)
 .text.libgcc   0x00000000        0x0 c:/program files (x86)/atmel/studio/7.0/toolchain/avr8/avr8-gnu-toolchain/bin/../lib/gcc/avr/5.4.0/avr4\libgcc.a(_copy_data.o)
 .text.libgcc.prologue
                0x00000000        0x0 c:/program files (x86)/atmel/studio/7.0/toolchain/avr8/avr8-gnu-toolchain/bin/../lib/gcc/avr/5.4.0/avr4\libgcc.a(_copy_data.o)
 .text.libgcc.builtins
                0x00000000        0x0 c:/program files (x86)/atmel/studio/7.0/toolchain/avr8/avr8-gnu-toolchain/bin/../lib/gcc/avr/5.4.0/avr4\libgcc.a(_copy_data.o)
 .text.libgcc.fmul
                0x00000000        0x0 c:/program files (x86)/atmel/studio/7.0/toolchain/avr8/avr8-gnu-toolchain/bin/../lib/gcc/avr/5.4.0/avr4\libgcc.a(_copy_data.o)
 .text.libgcc.fixed
                0x00000000        0x0 c:/program files (x86)/atmel/studio/7.0/toolchain/avr8/avr8-gnu-toolchain/bin/../lib/gcc/avr/5.4.0/avr4\libgcc.a(_copy_data.o)

Memory Configuration

Name             Origin             Length             Attributes
text             0x00000000         0x00002000         xr
data             0x00800060         0x00000400         rw !x
eeprom           0x00810000         0x00000200         rw !x
fuse             0x00820000         0x00000002         rw !x
lock             0x00830000         0x00000400         rw !x
signature        0x00840000         0x00000400         rw !x
user_signatures  0x00850000         0x00000400         rw !x
*default*        0x00000000         0xffffffff

Linker script and memory map

LOAD c:/program files (x86)/atmel/studio/7.0/toolchain/avr8/avr8-gnu-toolchain/bin/../lib/gcc/avr/5.4.0/../../../../avr/lib/avr4/crtatmega8.o
START GROUP
LOAD c:/program files (x86)/atmel/studio/7.0/toolchain/avr8/avr8-gnu-toolchain/bin/../lib/gcc/avr/5.4.0/../../../../avr/lib/avr4\libm.a
END GROUP
LOAD build\OS\femtoos_source\femtoos_app.o
LOAD build\OS\femtoos_source\femtoos_core.o
LOAD build\OS\femtoos_source\femtoos_port.o
LOAD build\OS\femtoos_source\femtoos_shared.o
LOAD build\OS\femtoos_source\femtoos_startup.o
LOAD build\commonIO\commonIO.o
LOAD build\code_TestBare.o
START GROUP
LOAD c:/program files (x86)/atmel/studio/7.0/toolchain/avr8/avr8-gnu-toolchain/bin/../lib/gcc/avr/5.4.0/avr4\libgcc.a
LOAD c:/program files (x86)/atmel/studio/7.0/toolchain/avr8/avr8-gnu-toolchain/bin/../lib/gcc/avr/5.4.0/../../../../avr/lib/avr4\libm.a
LOAD c:/program files (x86)/atmel/studio/7.0/toolchain/avr8/avr8-gnu-toolchain/bin/../lib/gcc/avr/5.4.0/../../../../avr/lib/avr4\libc.a
LOAD c:/program files (x86)/atmel/studio/7.0/toolchain/avr8/avr8-gnu-toolchain/bin/../lib/gcc/avr/5.4.0/../../../../avr/lib/avr4\libatmega8.a
END GROUP
                0x00000000                __TEXT_REGION_ORIGIN__ = DEFINED (__TEXT_REGION_ORIGIN__)?__TEXT_REGION_ORIGIN__:0x0
                [0x00800060]                __DATA_REGION_ORIGIN__ = DEFINED (__DATA_REGION_ORIGIN__)?__DATA_REGION_ORIGIN__:0x800060
                [0x00002000]                __TEXT_REGION_LENGTH__ = DEFINED (__TEXT_REGION_LENGTH__)?__TEXT_REGION_LENGTH__:0x2000
                [0x00000400]                __DATA_REGION_LENGTH__ = DEFINED (__DATA_REGION_LENGTH__)?__DATA_REGION_LENGTH__:0xffa0
                [0x00000200]                __EEPROM_REGION_LENGTH__ = DEFINED (__EEPROM_REGION_LENGTH__)?__EEPROM_REGION_LENGTH__:0x10000
                [0x00000002]                __FUSE_REGION_LENGTH__ = DEFINED (__FUSE_REGION_LENGTH__)?__FUSE_REGION_LENGTH__:0x400
                0x00000400                __LOCK_REGION_LENGTH__ = DEFINED (__LOCK_REGION_LENGTH__)?__LOCK_REGION_LENGTH__:0x400
                0x00000400                __SIGNATURE_REGION_LENGTH__ = DEFINED (__SIGNATURE_REGION_LENGTH__)?__SIGNATURE_REGION_LENGTH__:0x400
                0x00000400                __USER_SIGNATURE_REGION_LENGTH__ = DEFINED (__USER_SIGNATURE_REGION_LENGTH__)?__USER_SIGNATURE_REGION_LENGTH__:0x400

.hash
 *(.hash)

.dynsym
 *(.dynsym)

.dynstr
 *(.dynstr)

.gnu.version
 *(.gnu.version)

.gnu.version_d
 *(.gnu.version_d)

.gnu.version_r
 *(.gnu.version_r)

.rel.init
 *(.rel.init)

.rela.init
 *(.rela.init)

.rel.text
 *(.rel.text)
 *(.rel.text.*)
 *(.rel.gnu.linkonce.t*)

.rela.text
 *(.rela.text)
 *(.rela.text.*)
 *(.rela.gnu.linkonce.t*)

.rel.fini
 *(.rel.fini)

.rela.fini
 *(.rela.fini)

.rel.rodata
 *(.rel.rodata)
 *(.rel.rodata.*)
 *(.rel.gnu.linkonce.r*)

.rela.rodata
 *(.rela.rodata)
 *(.rela.rodata.*)
 *(.rela.gnu.linkonce.r*)

.rel.data
 *(.rel.data)
 *(.rel.data.*)
 *(.rel.gnu.linkonce.d*)

.rela.data
 *(.rela.data)
 *(.rela.data.*)
 *(.rela.gnu.linkonce.d*)

.rel.ctors
 *(.rel.ctors)

.rela.ctors
 *(.rela.ctors)

.rel.dtors
 *(.rel.dtors)

.rela.dtors
 *(.rela.dtors)

.rel.got
 *(.rel.got)

.rela.got
 *(.rela.got)

.rel.bss
 *(.rel.bss)

.rela.bss
 *(.rela.bss)

.rel.plt
 *(.rel.plt)

.rela.plt
 *(.rela.plt)

.text           0x00000000      0x788
 *(.vectors)
 .vectors       0x00000000       0x26 c:/program files (x86)/atmel/studio/7.0/toolchain/avr8/avr8-gnu-toolchain/bin/../lib/gcc/avr/5.4.0/../../../../avr/lib/avr4/crtatmega8.o
                0x00000000                __vector_default
                0x00000000                __vectors
 *(.vectors)
 *(.progmem.gcc*)
                0x00000026                . = ALIGN (0x2)
                0x00000026                __trampolines_start = .
 *(.trampolines)
 .trampolines   0x00000026        0x0 linker stubs
 *(.trampolines*)
                0x00000026                __trampolines_end = .
 *libprintf_flt.a:*(.progmem.data)
 *libc.a:*(.progmem.data)
 *(.progmem*)
 .progmem.data.uiCapabilities
                0x00000026        0x8 build\OS\femtoos_source\femtoos_shared.o
                0x00000026                uiCapabilities
 .progmem.data.pxLooplist
                0x0000002e       0x10 build\OS\femtoos_source\femtoos_shared.o
                0x0000002e                pxLooplist
 .progmem.data.pxTDBlist
                0x0000003e       0x10 build\OS\femtoos_source\femtoos_shared.o
                0x0000003e                pxTDBlist
 .progmem.data.pxTCBlist
                0x0000004e       0x10 build\OS\femtoos_source\femtoos_shared.o
                0x0000004e                pxTCBlist
 .progmem.data.tdb07
                0x0000005e        0x2 build\OS\femtoos_source\femtoos_shared.o
                0x0000005e                tdb07
 .progmem.data.tdb06
                0x00000060        0x2 build\OS\femtoos_source\femtoos_shared.o
                0x00000060                tdb06
 .progmem.data.tdb05
                0x00000062        0x2 build\OS\femtoos_source\femtoos_shared.o
                0x00000062                tdb05
 .progmem.data.tdb04
                0x00000064        0x2 build\OS\femtoos_source\femtoos_shared.o
                0x00000064                tdb04
 .progmem.data.tdb03
                0x00000066        0x2 build\OS\femtoos_source\femtoos_shared.o
                0x00000066                tdb03
 .progmem.data.tdb02
                0x00000068        0x2 build\OS\femtoos_source\femtoos_shared.o
                0x00000068                tdb02
 .progmem.data.tdb01
                0x0000006a        0x2 build\OS\femtoos_source\femtoos_shared.o
                0x0000006a                tdb01
 .progmem.data.tdb00
                0x0000006c        0x2 build\OS\femtoos_source\femtoos_shared.o
                0x0000006c                tdb00
                0x0000006e                . = ALIGN (0x2)
 *(.jumptables)
 *(.jumptables*)
 *(.lowtext)
 *(.lowtext*)
                0x0000006e                __ctors_start = .
 *(.ctors)
                0x0000006e                __ctors_end = .
                0x0000006e                __dtors_start = .
 *(.dtors)
                0x0000006e                __dtors_end = .
 SORT(*)(.ctors)
 SORT(*)(.dtors)
 *(.init0)
 .init0         0x0000006e        0x0 c:/program files (x86)/atmel/studio/7.0/toolchain/avr8/avr8-gnu-toolchain/bin/../lib/gcc/avr/5.4.0/../../../../avr/lib/avr4/crtatmega8.o
 .init0         0x0000006e       0x18 build\OS\femtoos_source\femtoos_startup.o
                0x0000006e                __init
                0x00000070                __do_clear_bss
                0x00000084                __start_main
 *(.init0)
 *(.init1)
 *(.init1)
 *(.init2)
 .init2         0x00000086        0xc c:/program files (x86)/atmel/studio/7.0/toolchain/avr8/avr8-gnu-toolchain/bin/../lib/gcc/avr/5.4.0/../../../../avr/lib/avr4/crtatmega8.o
 *(.init2)
 *(.init3)
 *(.init3)
 *(.init4)
 .init4         0x00000092       0x16 c:/program files (x86)/atmel/studio/7.0/toolchain/avr8/avr8-gnu-toolchain/bin/../lib/gcc/avr/5.4.0/avr4\libgcc.a(_copy_data.o)
                0x00000092                __do_copy_data
 *(.init4)
 *(.init5)
 *(.init5)
 *(.init6)
 *(.init6)
 *(.init7)
 *(.init7)
 *(.init8)
 *(.init8)
 *(.init9)
 .init9         0x000000a8        0x4 c:/program files (x86)/atmel/studio/7.0/toolchain/avr8/avr8-gnu-toolchain/bin/../lib/gcc/avr/5.4.0/../../../../avr/lib/avr4/crtatmega8.o
 *(.init9)
 *(.text)
 .text          0x000000ac        0x2 c:/program files (x86)/atmel/studio/7.0/toolchain/avr8/avr8-gnu-toolchain/bin/../lib/gcc/avr/5.4.0/../../../../avr/lib/avr4/crtatmega8.o
                0x000000ac                __vector_1
                0x000000ac                __vector_12
                0x000000ac                __bad_interrupt
                0x000000ac                __vector_6
                0x000000ac                __vector_11
                0x000000ac                __vector_13
                0x000000ac                __vector_17
                0x000000ac                __vector_7
                0x000000ac                __vector_5
                0x000000ac                __vector_4
                0x000000ac                __vector_9
                0x000000ac                __vector_2
                0x000000ac                __vector_15
                0x000000ac                __vector_8
                0x000000ac                __vector_14
                0x000000ac                __vector_10
                0x000000ac                __vector_16
                0x000000ac                __vector_18
                0x000000ae                . = ALIGN (0x2)
 *(.text.*)
 .text.privTcbList
                0x000000ae       0x12 build\OS\femtoos_source\femtoos_core.o
 .text.privCheckOsStackLevel
                0x000000c0       0x1c build\OS\femtoos_source\femtoos_core.o
 .text.privEnterOS
                0x000000dc      0x18a build\OS\femtoos_source\femtoos_core.o
 .text.privShowError
                0x00000266       0x9e build\OS\femtoos_source\femtoos_core.o
 .text.privTaskNumber.constprop.4
                0x00000304        0x8 build\OS\femtoos_source\femtoos_core.o
 .text.privDelayCalc
                0x0000030c       0x6a build\OS\femtoos_source\femtoos_core.o
 .text.privTestStackRegion
                0x00000376       0x60 build\OS\femtoos_source\femtoos_core.o
 .text.privCheckCapabilities.constprop.5
                0x000003d6       0x40 build\OS\femtoos_source\femtoos_core.o
 .text.privInitOs
                0x00000416       0x42 build\OS\femtoos_source\femtoos_core.o
                0x00000416                privInitOs
 .text.privTickYield
                0x00000458        0xc build\OS\femtoos_source\femtoos_core.o
                0x00000458                privTickYield
 .text.startup.main
                0x00000464       0x56 build\OS\femtoos_source\femtoos_core.o
                0x00000464                main
 .text.taskDelayFromNow
                0x000004ba        0xa build\OS\femtoos_source\femtoos_core.o
                0x000004ba                taskDelayFromNow
 .text.taskDelayFromWake
                0x000004c4        0xa build\OS\femtoos_source\femtoos_core.o
                0x000004c4                taskDelayFromWake
 .text.privDelayFromNowBody
                0x000004ce       0x2a build\OS\femtoos_source\femtoos_core.o
 .text.privDelayFromWakeBody
                0x000004f8       0x2a build\OS\femtoos_source\femtoos_core.o
 .text.portShortDelay
                0x00000522       0x1e build\OS\femtoos_source\femtoos_port.o
 .text.portInit
                0x00000540        0x2 build\OS\femtoos_source\femtoos_port.o
                0x00000540                portInit
 .text.portShowError
                0x00000542       0x64 build\OS\femtoos_source\femtoos_port.o
                0x00000542                portShowError
 .text.portShowReset
                0x000005a6       0x24 build\OS\femtoos_source\femtoos_port.o
                0x000005a6                portShowReset
 .text.portIdle
                0x000005ca       0x12 build\OS\femtoos_source\femtoos_port.o
                0x000005ca                portIdle
 .text.portSetupTimerInterrupt
                0x000005dc        0xa build\OS\femtoos_source\femtoos_port.o
                0x000005dc                portSetupTimerInterrupt
 .text.portReadTimer
                0x000005e6       0x10 build\OS\femtoos_source\femtoos_port.o
                0x000005e6                portReadTimer
 .text.__vector_3
                0x000005f6        0x2 build\OS\femtoos_source\femtoos_port.o
                0x000005f6                __vector_3
 .text.portDisableTickInterrupts
                0x000005f8        0xe build\OS\femtoos_source\femtoos_port.o
                0x000005f8                portDisableTickInterrupts
 .text.portSaveContext
                0x00000606       0x8e build\OS\femtoos_source\femtoos_port.o
                0x00000606                portSaveContext
 .text.portRestoreContext
                0x00000694       0x24 build\OS\femtoos_source\femtoos_port.o
                0x00000694                portRestoreContext
 .text.setPin   0x000006b8       0x10 build\commonIO\commonIO.o
                0x000006b8                setPin
 .text.uart_init
                0x000006c8        0xe build\commonIO\commonIO.o
                0x000006c8                uart_init
 .text.commonIO_init
                0x000006d6        0x4 build\commonIO\commonIO.o
                0x000006d6                commonIO_init
 .text.uart_putc
                0x000006da        0x8 build\commonIO\commonIO.o
                0x000006da                uart_putc
 .text.appBoot  0x000006e2        0x8 build\code_TestBare.o
                0x000006e2                appBoot
 .text.appLoop_LEDtask0
                0x000006ea       0x1c build\code_TestBare.o
                0x000006ea                appLoop_LEDtask0
 .text.appLoop_LEDtask1
                0x00000706       0x12 build\code_TestBare.o
                0x00000706                appLoop_LEDtask1
 .text.appLoop_LEDtask2
                0x00000718       0x12 build\code_TestBare.o
                0x00000718                appLoop_LEDtask2
 .text.appLoop_LEDtask3
                0x0000072a       0x12 build\code_TestBare.o
                0x0000072a                appLoop_LEDtask3
 .text.appLoop_LEDtask4
                0x0000073c       0x12 build\code_TestBare.o
                0x0000073c                appLoop_LEDtask4
 .text.appLoop_LEDtask5
                0x0000074e       0x12 build\code_TestBare.o
                0x0000074e                appLoop_LEDtask5
 .text.appLoop_LEDtask6
                0x00000760       0x12 build\code_TestBare.o
                0x00000760                appLoop_LEDtask6
 .text.appLoop_LEDtask7
                0x00000772       0x12 build\code_TestBare.o
                0x00000772                appLoop_LEDtask7
                0x00000784                . = ALIGN (0x2)
 *(.fini9)
 .fini9         0x00000784        0x0 c:/program files (x86)/atmel/studio/7.0/toolchain/avr8/avr8-gnu-toolchain/bin/../lib/gcc/avr/5.4.0/avr4\libgcc.a(_exit.o)
                0x00000784                _exit
                0x00000784                exit
 *(.fini9)
 *(.fini8)
 *(.fini8)
 *(.fini7)
 *(.fini7)
 *(.fini6)
 *(.fini6)
 *(.fini5)
 *(.fini5)
 *(.fini4)
 *(.fini4)
 *(.fini3)
 *(.fini3)
 *(.fini2)
 *(.fini2)
 *(.fini1)
 *(.fini1)
 *(.fini0)
 .fini0         0x00000784        0x4 c:/program files (x86)/atmel/studio/7.0/toolchain/avr8/avr8-gnu-toolchain/bin/../lib/gcc/avr/5.4.0/avr4\libgcc.a(_exit.o)
 *(.fini0)
                0x00000788                _etext = .

.data           0x00800060        0x0 load address 0x00000788
                0x00800060                PROVIDE (__data_start, .)
 *(.data)
 *(.data*)
 *(.gnu.linkonce.d*)
 *(.rodata)
 *(.rodata*)
 *(.gnu.linkonce.r*)
                0x00800060                . = ALIGN (0x2)
                0x00800060                _edata = .
                0x00800060                PROVIDE (__data_end, .)

.bss            0x00800060      0x218
                [!provide]                PROVIDE (__bss_start, .)
 *(.bss)
 *(.bss*)
 .bss.Stack07   0x00800060       0x32 build\OS\femtoos_source\femtoos_shared.o
                0x00800060                Stack07
 .bss.Stack06   0x00800092       0x32 build\OS\femtoos_source\femtoos_shared.o
                0x00800092                Stack06
 .bss.Stack05   0x008000c4       0x32 build\OS\femtoos_source\femtoos_shared.o
                0x008000c4                Stack05
 .bss.Stack04   0x008000f6       0x32 build\OS\femtoos_source\femtoos_shared.o
                0x008000f6                Stack04
 .bss.Stack03   0x00800128       0x32 build\OS\femtoos_source\femtoos_shared.o
                0x00800128                Stack03
 .bss.Stack02   0x0080015a       0x32 build\OS\femtoos_source\femtoos_shared.o
                0x0080015a                Stack02
 .bss.Stack01   0x0080018c       0x32 build\OS\femtoos_source\femtoos_shared.o
                0x0080018c                Stack01
 .bss.Stack00   0x008001be       0x32 build\OS\femtoos_source\femtoos_shared.o
                0x008001be                Stack00
 .bss.xOS       0x008001f0       0x64 build\OS\femtoos_source\femtoos_shared.o
                0x008001f0                xOS
 *(COMMON)
 COMMON         0x00800254       0x24 build\OS\femtoos_source\femtoos_shared.o
                0x00800254                tcb00
                0x00800258                tcb07
                0x0080025c                tcb02
                0x00800260                tcb06
                0x00800264                uxTickCount
                0x00800266                uiOsStatus
                0x00800267                tcb01
                0x0080026b                tcb05
                0x0080026f                uiOsTimeAverage
                0x00800270                tcb03
                0x00800274                tcb04
                [!provide]                PROVIDE (__bss_end, .)
                0x00000788                __data_load_start = LOADADDR (.data)
                0x00000788                __data_load_end = (__data_load_start + SIZEOF (.data))

.noinit         0x00800278        0x0
                [!provide]                PROVIDE (__noinit_start, .)
 *(.noinit*)
                [!provide]                PROVIDE (__noinit_end, .)
                0x00800278                _end = .
                [!provide]                PROVIDE (__heap_start, .)

.eeprom         0x00810000        0x0
 *(.eeprom*)
                0x00810000                __eeprom_end = .

.fuse
 *(.fuse)
 *(.lfuse)
 *(.hfuse)
 *(.efuse)

.lock
 *(.lock*)

.signature
 *(.signature*)

.user_signatures
 *(.user_signatures*)

.stab
 *(.stab)

.stabstr
 *(.stabstr)

.stab.excl
 *(.stab.excl)

.stab.exclstr
 *(.stab.exclstr)

.stab.index
 *(.stab.index)

.stab.indexstr
 *(.stab.indexstr)

.comment        0x00000000       0x30
 *(.comment)
 .comment       0x00000000       0x30 build\OS\femtoos_source\femtoos_core.o
                                 0x31 (size before relaxing)
 .comment       0x00000030       0x31 build\OS\femtoos_source\femtoos_port.o
 .comment       0x00000030       0x31 build\OS\femtoos_source\femtoos_shared.o
 .comment       0x00000030       0x31 build\commonIO\commonIO.o
 .comment       0x00000030       0x31 build\code_TestBare.o

.note.gnu.avr.deviceinfo
                0x00000000       0x3c
 .note.gnu.avr.deviceinfo
                0x00000000       0x3c c:/program files (x86)/atmel/studio/7.0/toolchain/avr8/avr8-gnu-toolchain/bin/../lib/gcc/avr/5.4.0/../../../../avr/lib/avr4/crtatmega8.o

.note.gnu.build-id
 *(.note.gnu.build-id)

.debug
 *(.debug)

.line
 *(.line)

.debug_srcinfo
 *(.debug_srcinfo)

.debug_sfnames
 *(.debug_sfnames)

.debug_aranges  0x00000000      0x1c0
 *(.debug_aranges)
 .debug_aranges
                0x00000000       0x90 build\OS\femtoos_source\femtoos_core.o
 .debug_aranges
                0x00000090       0x70 build\OS\femtoos_source\femtoos_port.o
 .debug_aranges
                0x00000100       0x18 build\OS\femtoos_source\femtoos_shared.o
 .debug_aranges
                0x00000118       0x48 build\commonIO\commonIO.o
 .debug_aranges
                0x00000160       0x60 build\code_TestBare.o

.debug_pubnames
 *(.debug_pubnames)

.debug_info     0x00000000     0x25f6
 *(.debug_info .gnu.linkonce.wi.*)
 .debug_info    0x00000000      0x48c c:/program files (x86)/atmel/studio/7.0/toolchain/avr8/avr8-gnu-toolchain/bin/../lib/gcc/avr/5.4.0/../../../../avr/lib/avr4/crtatmega8.o
 .debug_info    0x0000048c     0x12a8 build\OS\femtoos_source\femtoos_core.o
 .debug_info    0x00001734      0x374 build\OS\femtoos_source\femtoos_port.o
 .debug_info    0x00001aa8      0x51f build\OS\femtoos_source\femtoos_shared.o
 .debug_info    0x00001fc7      0x26b build\commonIO\commonIO.o
 .debug_info    0x00002232      0x3c4 build\code_TestBare.o

.debug_abbrev   0x00000000      0xc65
 *(.debug_abbrev)
 .debug_abbrev  0x00000000      0x44e c:/program files (x86)/atmel/studio/7.0/toolchain/avr8/avr8-gnu-toolchain/bin/../lib/gcc/avr/5.4.0/../../../../avr/lib/avr4/crtatmega8.o
 .debug_abbrev  0x0000044e      0x313 build\OS\femtoos_source\femtoos_core.o
 .debug_abbrev  0x00000761      0x1ac build\OS\femtoos_source\femtoos_port.o
 .debug_abbrev  0x0000090d      0x104 build\OS\femtoos_source\femtoos_shared.o
 .debug_abbrev  0x00000a11      0x130 build\commonIO\commonIO.o
 .debug_abbrev  0x00000b41      0x124 build\code_TestBare.o

.debug_line     0x00000000      0xc77
 *(.debug_line .debug_line.* .debug_line_end)
 .debug_line    0x00000000       0x1a c:/program files (x86)/atmel/studio/7.0/toolchain/avr8/avr8-gnu-toolchain/bin/../lib/gcc/avr/5.4.0/../../../../avr/lib/avr4/crtatmega8.o
 .debug_line    0x0000001a      0x601 build\OS\femtoos_source\femtoos_core.o
 .debug_line    0x0000061b      0x2aa build\OS\femtoos_source\femtoos_port.o
 .debug_line    0x000008c5       0x86 build\OS\femtoos_source\femtoos_shared.o
 .debug_line    0x0000094b      0x134 build\commonIO\commonIO.o
 .debug_line    0x00000a7f      0x1f8 build\code_TestBare.o

.debug_frame    0x00000000      0x36c
 *(.debug_frame)
 .debug_frame   0x00000000      0x154 build\OS\femtoos_source\femtoos_core.o
 .debug_frame   0x00000154       0xf4 build\OS\femtoos_source\femtoos_port.o
 .debug_frame   0x00000248       0x80 build\commonIO\commonIO.o
 .debug_frame   0x000002c8       0xa4 build\code_TestBare.o

.debug_str      0x00000000      0xba3
 *(.debug_str)
 .debug_str     0x00000000      0x17a c:/program files (x86)/atmel/studio/7.0/toolchain/avr8/avr8-gnu-toolchain/bin/../lib/gcc/avr/5.4.0/../../../../avr/lib/avr4/crtatmega8.o
 .debug_str     0x0000017a      0x718 build\OS\femtoos_source\femtoos_core.o
                                0x759 (size before relaxing)
 .debug_str     0x00000892       0x7d build\OS\femtoos_source\femtoos_port.o
                                0x2c6 (size before relaxing)
 .debug_str     0x0000090f       0xc7 build\OS\femtoos_source\femtoos_shared.o
                                0x306 (size before relaxing)
 .debug_str     0x000009d6      0x12c build\commonIO\commonIO.o
                                0x261 (size before relaxing)
 .debug_str     0x00000b02       0xa1 build\code_TestBare.o
                                0x21d (size before relaxing)

.debug_loc      0x00000000      0xd83
 *(.debug_loc)
 .debug_loc     0x00000000      0xb03 build\OS\femtoos_source\femtoos_core.o
 .debug_loc     0x00000b03      0x1d3 build\OS\femtoos_source\femtoos_port.o
 .debug_loc     0x00000cd6       0x81 build\commonIO\commonIO.o
 .debug_loc     0x00000d57       0x2c build\code_TestBare.o

.debug_macinfo
 *(.debug_macinfo)

.debug_weaknames
 *(.debug_weaknames)

.debug_funcnames
 *(.debug_funcnames)

.debug_typenames
 *(.debug_typenames)

.debug_varnames
 *(.debug_varnames)

.debug_pubtypes
 *(.debug_pubtypes)

.debug_ranges   0x00000000      0x1c8
 *(.debug_ranges)
 .debug_ranges  0x00000000       0xc8 build\OS\femtoos_source\femtoos_core.o
 .debug_ranges  0x000000c8       0x78 build\OS\femtoos_source\femtoos_port.o
 .debug_ranges  0x00000140       0x38 build\commonIO\commonIO.o
 .debug_ranges  0x00000178       0x50 build\code_TestBare.o

.debug_macro
 *(.debug_macro)
OUTPUT(build\main.elf elf32-avr)
LOAD linker stubs
